Archive member included to satisfy reference by file (symbol)

c:/st/stm32cubeide_1.6.1/stm32cubeide/plugins/com.st.stm32cube.ide.mcu.externaltools.gnu-tools-for-stm32.9-2020-q2-update.win32_2.0.0.202105311346/tools/bin/../lib/gcc/arm-none-eabi/9.3.1/../../../../arm-none-eabi/lib/thumb/v7e-m+fp/hard\libc_nano.a(lib_a-errno.o)
                              ./Core/Src/syscalls.o (__errno)
c:/st/stm32cubeide_1.6.1/stm32cubeide/plugins/com.st.stm32cube.ide.mcu.externaltools.gnu-tools-for-stm32.9-2020-q2-update.win32_2.0.0.202105311346/tools/bin/../lib/gcc/arm-none-eabi/9.3.1/../../../../arm-none-eabi/lib/thumb/v7e-m+fp/hard\libc_nano.a(lib_a-exit.o)
                              c:/st/stm32cubeide_1.6.1/stm32cubeide/plugins/com.st.stm32cube.ide.mcu.externaltools.gnu-tools-for-stm32.9-2020-q2-update.win32_2.0.0.202105311346/tools/bin/../lib/gcc/arm-none-eabi/9.3.1/../../../../arm-none-eabi/lib/thumb/v7e-m+fp/hard/crt0.o (exit)
c:/st/stm32cubeide_1.6.1/stm32cubeide/plugins/com.st.stm32cube.ide.mcu.externaltools.gnu-tools-for-stm32.9-2020-q2-update.win32_2.0.0.202105311346/tools/bin/../lib/gcc/arm-none-eabi/9.3.1/../../../../arm-none-eabi/lib/thumb/v7e-m+fp/hard\libc_nano.a(lib_a-impure.o)
                              c:/st/stm32cubeide_1.6.1/stm32cubeide/plugins/com.st.stm32cube.ide.mcu.externaltools.gnu-tools-for-stm32.9-2020-q2-update.win32_2.0.0.202105311346/tools/bin/../lib/gcc/arm-none-eabi/9.3.1/../../../../arm-none-eabi/lib/thumb/v7e-m+fp/hard\libc_nano.a(lib_a-exit.o) (_global_impure_ptr)
c:/st/stm32cubeide_1.6.1/stm32cubeide/plugins/com.st.stm32cube.ide.mcu.externaltools.gnu-tools-for-stm32.9-2020-q2-update.win32_2.0.0.202105311346/tools/bin/../lib/gcc/arm-none-eabi/9.3.1/../../../../arm-none-eabi/lib/thumb/v7e-m+fp/hard\libc_nano.a(lib_a-init.o)
                              c:/st/stm32cubeide_1.6.1/stm32cubeide/plugins/com.st.stm32cube.ide.mcu.externaltools.gnu-tools-for-stm32.9-2020-q2-update.win32_2.0.0.202105311346/tools/bin/../lib/gcc/arm-none-eabi/9.3.1/../../../../arm-none-eabi/lib/thumb/v7e-m+fp/hard/crt0.o (__libc_init_array)
c:/st/stm32cubeide_1.6.1/stm32cubeide/plugins/com.st.stm32cube.ide.mcu.externaltools.gnu-tools-for-stm32.9-2020-q2-update.win32_2.0.0.202105311346/tools/bin/../lib/gcc/arm-none-eabi/9.3.1/../../../../arm-none-eabi/lib/thumb/v7e-m+fp/hard\libc_nano.a(lib_a-memset.o)
                              c:/st/stm32cubeide_1.6.1/stm32cubeide/plugins/com.st.stm32cube.ide.mcu.externaltools.gnu-tools-for-stm32.9-2020-q2-update.win32_2.0.0.202105311346/tools/bin/../lib/gcc/arm-none-eabi/9.3.1/../../../../arm-none-eabi/lib/thumb/v7e-m+fp/hard/crt0.o (memset)
c:/st/stm32cubeide_1.6.1/stm32cubeide/plugins/com.st.stm32cube.ide.mcu.externaltools.gnu-tools-for-stm32.9-2020-q2-update.win32_2.0.0.202105311346/tools/bin/../lib/gcc/arm-none-eabi/9.3.1/../../../../arm-none-eabi/lib/thumb/v7e-m+fp/hard\libm.a(lib_a-s_atan.o)
                              ./Core/Src/end_joint.o (atan)
c:/st/stm32cubeide_1.6.1/stm32cubeide/plugins/com.st.stm32cube.ide.mcu.externaltools.gnu-tools-for-stm32.9-2020-q2-update.win32_2.0.0.202105311346/tools/bin/../lib/gcc/arm-none-eabi/9.3.1/../../../../arm-none-eabi/lib/thumb/v7e-m+fp/hard\libm.a(lib_a-s_cos.o)
                              ./Core/Src/end_joint.o (cos)
c:/st/stm32cubeide_1.6.1/stm32cubeide/plugins/com.st.stm32cube.ide.mcu.externaltools.gnu-tools-for-stm32.9-2020-q2-update.win32_2.0.0.202105311346/tools/bin/../lib/gcc/arm-none-eabi/9.3.1/../../../../arm-none-eabi/lib/thumb/v7e-m+fp/hard\libm.a(lib_a-s_fabs.o)
                              c:/st/stm32cubeide_1.6.1/stm32cubeide/plugins/com.st.stm32cube.ide.mcu.externaltools.gnu-tools-for-stm32.9-2020-q2-update.win32_2.0.0.202105311346/tools/bin/../lib/gcc/arm-none-eabi/9.3.1/../../../../arm-none-eabi/lib/thumb/v7e-m+fp/hard\libm.a(lib_a-s_atan.o) (fabs)
c:/st/stm32cubeide_1.6.1/stm32cubeide/plugins/com.st.stm32cube.ide.mcu.externaltools.gnu-tools-for-stm32.9-2020-q2-update.win32_2.0.0.202105311346/tools/bin/../lib/gcc/arm-none-eabi/9.3.1/../../../../arm-none-eabi/lib/thumb/v7e-m+fp/hard\libm.a(lib_a-s_sin.o)
                              ./Core/Src/end_joint.o (sin)
c:/st/stm32cubeide_1.6.1/stm32cubeide/plugins/com.st.stm32cube.ide.mcu.externaltools.gnu-tools-for-stm32.9-2020-q2-update.win32_2.0.0.202105311346/tools/bin/../lib/gcc/arm-none-eabi/9.3.1/../../../../arm-none-eabi/lib/thumb/v7e-m+fp/hard\libm.a(lib_a-s_tan.o)
                              ./Core/Src/end_joint.o (tan)
c:/st/stm32cubeide_1.6.1/stm32cubeide/plugins/com.st.stm32cube.ide.mcu.externaltools.gnu-tools-for-stm32.9-2020-q2-update.win32_2.0.0.202105311346/tools/bin/../lib/gcc/arm-none-eabi/9.3.1/../../../../arm-none-eabi/lib/thumb/v7e-m+fp/hard\libm.a(lib_a-w_acos.o)
                              ./Core/Src/end_joint.o (acos)
[...]
Memory Configuration

Name             Origin             Length             Attributes
CCMRAM           0x0000000010000000 0x0000000000010000 xrw
RAM              0x0000000020000000 0x0000000000030000 xrw
FLASH            0x0000000008000000 0x0000000000200000 xr
*default*        0x0000000000000000 0xffffffffffffffff

Linker script and memory map

LOAD c:/st/stm32cubeide_1.6.1/stm32cubeide/plugins/com.st.stm32cube.ide.mcu.externaltools.gnu-tools-for-stm32.9-2020-q2-update.win32_2.0.0.202105311346/tools/bin/../lib/gcc/arm-none-eabi/9.3.1/thumb/v7e-m+fp/hard/crti.o
LOAD c:/st/stm32cubeide_1.6.1/stm32cubeide/plugins/com.st.stm32cube.ide.mcu.externaltools.gnu-tools-for-stm32.9-2020-q2-update.win32_2.0.0.202105311346/tools/bin/../lib/gcc/arm-none-eabi/9.3.1/thumb/v7e-m+fp/hard/crtbegin.o
LOAD c:/st/stm32cubeide_1.6.1/stm32cubeide/plugins/com.st.stm32cube.ide.mcu.externaltools.gnu-tools-for-stm32.9-2020-q2-update.win32_2.0.0.202105311346/tools/bin/../lib/gcc/arm-none-eabi/9.3.1/../../../../arm-none-eabi/lib/thumb/v7e-m+fp/hard/crt0.o
LOAD ./Core/Src/adc.o
LOAD ./Core/Src/communicate.o
LOAD ./Core/Src/control.o
LOAD ./Core/Src/crc.o
LOAD ./Core/Src/dma.o
LOAD ./Core/Src/end_joint.o
LOAD ./Core/Src/gpio.o
LOAD ./Core/Src/i2c.o
LOAD ./Core/Src/main.o
LOAD ./Core/Src/mpu6050.o
LOAD ./Core/Src/pmw.o
LOAD ./Core/Src/robot.o
LOAD ./Core/Src/spi.o
LOAD ./Core/Src/stepper.o
LOAD ./Core/Src/stm32f4xx_hal_msp.o
LOAD ./Core/Src/stm32f4xx_it.o
LOAD ./Core/Src/syscalls.o
LOAD ./Core/Src/sysmem.o
LOAD ./Core/Src/system_stm32f4xx.o
LOAD ./Core/Src/tim.o
LOAD ./Core/Src/usart.o
LOAD ./Core/Startup/startup_stm32f429zitx.o
LOAD ./Drivers/STM32F4xx_HAL_Driver/Src/stm32f4xx_hal.o
LOAD ./Drivers/STM32F4xx_HAL_Driver/Src/stm32f4xx_hal_adc.o
LOAD ./Drivers/STM32F4xx_HAL_Driver/Src/stm32f4xx_hal_adc_ex.o
LOAD ./Drivers/STM32F4xx_HAL_Driver/Src/stm32f4xx_hal_cortex.o
LOAD ./Drivers/STM32F4xx_HAL_Driver/Src/stm32f4xx_hal_crc.o
LOAD ./Drivers/STM32F4xx_HAL_Driver/Src/stm32f4xx_hal_dma.o
LOAD ./Drivers/STM32F4xx_HAL_Driver/Src/stm32f4xx_hal_dma_ex.o
LOAD ./Drivers/STM32F4xx_HAL_Driver/Src/stm32f4xx_hal_exti.o
LOAD ./Drivers/STM32F4xx_HAL_Driver/Src/stm32f4xx_hal_flash.o
LOAD ./Drivers/STM32F4xx_HAL_Driver/Src/stm32f4xx_hal_flash_ex.o
LOAD ./Drivers/STM32F4xx_HAL_Driver/Src/stm32f4xx_hal_flash_ramfunc.o
LOAD ./Drivers/STM32F4xx_HAL_Driver/Src/stm32f4xx_hal_gpio.o
LOAD ./Drivers/STM32F4xx_HAL_Driver/Src/stm32f4xx_hal_i2c.o
LOAD ./Drivers/STM32F4xx_HAL_Driver/Src/stm32f4xx_hal_i2c_ex.o
LOAD ./Drivers/STM32F4xx_HAL_Driver/Src/stm32f4xx_hal_pwr.o
LOAD ./Drivers/STM32F4xx_HAL_Driver/Src/stm32f4xx_hal_pwr_ex.o
LOAD ./Drivers/STM32F4xx_HAL_Driver/Src/stm32f4xx_hal_rcc.o
LOAD ./Drivers/STM32F4xx_HAL_Driver/Src/stm32f4xx_hal_rcc_ex.o
LOAD ./Drivers/STM32F4xx_HAL_Driver/Src/stm32f4xx_hal_spi.o
LOAD ./Drivers/STM32F4xx_HAL_Driver/Src/stm32f4xx_hal_tim.o
LOAD ./Drivers/STM32F4xx_HAL_Driver/Src/stm32f4xx_hal_tim_ex.o
LOAD ./Drivers/STM32F4xx_HAL_Driver/Src/stm32f4xx_hal_uart.o
LOAD ./Drivers/STM32F4xx_HAL_Driver/Src/stm32f4xx_ll_adc.o
START GROUP
LOAD c:/st/stm32cubeide_1.6.1/stm32cubeide/plugins/com.st.stm32cube.ide.mcu.externaltools.gnu-tools-for-stm32.9-2020-q2-update.win32_2.0.0.202105311346/tools/bin/../lib/gcc/arm-none-eabi/9.3.1/../../../../arm-none-eabi/lib/thumb/v7e-m+fp/hard\libc_nano.a
LOAD c:/st/stm32cubeide_1.6.1/stm32cubeide/plugins/com.st.stm32cube.ide.mcu.externaltools.gnu-tools-for-stm32.9-2020-q2-update.win32_2.0.0.202105311346/tools/bin/../lib/gcc/arm-none-eabi/9.3.1/../../../../arm-none-eabi/lib/thumb/v7e-m+fp/hard\libm.a
END GROUP
START GROUP
LOAD c:/st/stm32cubeide_1.6.1/stm32cubeide/plugins/com.st.stm32cube.ide.mcu.externaltools.gnu-tools-for-stm32.9-2020-q2-update.win32_2.0.0.202105311346/tools/bin/../lib/gcc/arm-none-eabi/9.3.1/thumb/v7e-m+fp/hard\libgcc.a
LOAD c:/st/stm32cubeide_1.6.1/stm32cubeide/plugins/com.st.stm32cube.ide.mcu.externaltools.gnu-tools-for-stm32.9-2020-q2-update.win32_2.0.0.202105311346/tools/bin/../lib/gcc/arm-none-eabi/9.3.1/../../../../arm-none-eabi/lib/thumb/v7e-m+fp/hard\libc_nano.a
END GROUP
START GROUP
LOAD c:/st/stm32cubeide_1.6.1/stm32cubeide/plugins/com.st.stm32cube.ide.mcu.externaltools.gnu-tools-for-stm32.9-2020-q2-update.win32_2.0.0.202105311346/tools/bin/../lib/gcc/arm-none-eabi/9.3.1/thumb/v7e-m+fp/hard\libgcc.a
LOAD c:/st/stm32cubeide_1.6.1/stm32cubeide/plugins/com.st.stm32cube.ide.mcu.externaltools.gnu-tools-for-stm32.9-2020-q2-update.win32_2.0.0.202105311346/tools/bin/../lib/gcc/arm-none-eabi/9.3.1/../../../../arm-none-eabi/lib/thumb/v7e-m+fp/hard\libc_nano.a
LOAD c:/st/stm32cubeide_1.6.1/stm32cubeide/plugins/com.st.stm32cube.ide.mcu.externaltools.gnu-tools-for-stm32.9-2020-q2-update.win32_2.0.0.202105311346/tools/bin/../lib/gcc/arm-none-eabi/9.3.1/../../../../arm-none-eabi/lib/thumb/v7e-m+fp/hard\libnosys.a
END GROUP
START GROUP
LOAD c:/st/stm32cubeide_1.6.1/stm32cubeide/plugins/com.st.stm32cube.ide.mcu.externaltools.gnu-tools-for-stm32.9-2020-q2-update.win32_2.0.0.202105311346/tools/bin/../lib/gcc/arm-none-eabi/9.3.1/thumb/v7e-m+fp/hard\libgcc.a
LOAD c:/st/stm32cubeide_1.6.1/stm32cubeide/plugins/com.st.stm32cube.ide.mcu.externaltools.gnu-tools-for-stm32.9-2020-q2-update.win32_2.0.0.202105311346/tools/bin/../lib/gcc/arm-none-eabi/9.3.1/../../../../arm-none-eabi/lib/thumb/v7e-m+fp/hard\libc_nano.a
LOAD c:/st/stm32cubeide_1.6.1/stm32cubeide/plugins/com.st.stm32cube.ide.mcu.externaltools.gnu-tools-for-stm32.9-2020-q2-update.win32_2.0.0.202105311346/tools/bin/../lib/gcc/arm-none-eabi/9.3.1/../../../../arm-none-eabi/lib/thumb/v7e-m+fp/hard\libnosys.a
END GROUP
LOAD c:/st/stm32cubeide_1.6.1/stm32cubeide/plugins/com.st.stm32cube.ide.mcu.externaltools.gnu-tools-for-stm32.9-2020-q2-update.win32_2.0.0.202105311346/tools/bin/../lib/gcc/arm-none-eabi/9.3.1/thumb/v7e-m+fp/hard/crtend.o
LOAD c:/st/stm32cubeide_1.6.1/stm32cubeide/plugins/com.st.stm32cube.ide.mcu.externaltools.gnu-tools-for-stm32.9-2020-q2-update.win32_2.0.0.202105311346/tools/bin/../lib/gcc/arm-none-eabi/9.3.1/thumb/v7e-m+fp/hard/crtn.o
                0x0000000020030000                _estack = (ORIGIN (RAM) + LENGTH (RAM))
                0x0000000000000200                _Min_Heap_Size = 0x200
                0x0000000000000400                _Min_Stack_Size = 0x400

.isr_vector     0x0000000008000000      0x1ac
                0x0000000008000000                . = ALIGN (0x4)
 *(.isr_vector)
 .isr_vector    0x0000000008000000      0x1ac ./Core/Startup/startup_stm32f429zitx.o
                0x0000000008000000                g_pfnVectors
                0x00000000080001ac                . = ALIGN (0x4)

.text           0x00000000080001b0    0x116e4
                0x00000000080001b0                . = ALIGN (0x4)
 *(.text)
 .text          0x00000000080001b0       0x40 c:/st/stm32cubeide_1.6.1/stm32cubeide/plugins/com.st.stm32cube.ide.mcu.externaltools.gnu-tools-for-stm32.9-2020-q2-update.win32_2.0.0.202105311346/tools/bin/../lib/gcc/arm-none-eabi/9.3.1/thumb/v7e-m+fp/hard/crtbegin.o
 .text          0x00000000080001f0      0x378 c:/st/stm32cubeide_1.6.1/stm32cubeide/plugins/com.st.stm32cube.ide.mcu.externaltools.gnu-tools-for-stm32.9-2020-q2-update.win32_2.0.0.202105311346/tools/bin/../lib/gcc/arm-none-eabi/9.3.1/thumb/v7e-m+fp/hard\libgcc.a(_arm_addsubdf3.o)
                0x00000000080001f0                __aeabi_drsub
                0x00000000080001f8                __aeabi_dsub
                0x00000000080001f8                __subdf3
                0x00000000080001fc                __aeabi_dadd
                0x00000000080001fc                __adddf3
                0x0000000008000474                __floatunsidf
                0x0000000008000474                __aeabi_ui2d
                0x0000000008000494                __floatsidf
                0x0000000008000494                __aeabi_i2d
                0x00000000080004b8                __aeabi_f2d
                0x00000000080004b8                __extendsfdf2
                0x00000000080004fc                __floatundidf
                0x00000000080004fc                __aeabi_ul2d
                0x000000000800050c                __floatdidf
                0x000000000800050c                __aeabi_l2d
 .text          0x0000000008000568      0x424 c:/st/stm32cubeide_1.6.1/stm32cubeide/plugins/com.st.stm32cube.ide.mcu.externaltools.gnu-tools-for-stm32.9-2020-q2-update.win32_2.0.0.202105311346/tools/bin/../lib/gcc/arm-none-eabi/9.3.1/thumb/v7e-m+fp/hard\libgcc.a(_arm_muldivdf3.o)
                0x0000000008000568                __aeabi_dmul
                0x0000000008000568                __muldf3
                0x00000000080007bc                __divdf3
                0x00000000080007bc                __aeabi_ddiv
 .text          0x000000000800098c      0x110 c:/st/stm32cubeide_1.6.1/stm32cubeide/plugins/com.st.stm32cube.ide.mcu.externaltools.gnu-tools-for-stm32.9-2020-q2-update.win32_2.0.0.202105311346/tools/bin/../lib/gcc/arm-none-eabi/9.3.1/thumb/v7e-m+fp/hard\libgcc.a(_arm_cmpdf2.o)
                0x000000000800098c                __gtdf2
                0x000000000800098c                __gedf2
                0x0000000008000994                __ltdf2
                0x0000000008000994                __ledf2
                0x000000000800099c                __nedf2
                0x000000000800099c                __eqdf2
                0x000000000800099c                __cmpdf2
                0x0000000008000a18                __aeabi_cdrcmple
                0x0000000008000a28                __aeabi_cdcmpeq
                0x0000000008000a28                __aeabi_cdcmple
                0x0000000008000a38                __aeabi_dcmpeq
                0x0000000008000a4c                __aeabi_dcmplt
                0x0000000008000a60                __aeabi_dcmple
                0x0000000008000a74                __aeabi_dcmpge
                0x0000000008000a88                __aeabi_dcmpgt
 .text          0x0000000008000a9c       0x2c c:/st/stm32cubeide_1.6.1/stm32cubeide/plugins/com.st.stm32cube.ide.mcu.externaltools.gnu-tools-for-stm32.9-2020-q2-update.win32_2.0.0.202105311346/tools/bin/../lib/gcc/arm-none-eabi/9.3.1/thumb/v7e-m+fp/hard\libgcc.a(_arm_unorddf2.o)
                0x0000000008000a9c                __unorddf2
                0x0000000008000a9c                __aeabi_dcmpun
 .text          0x0000000008000ac8       0x50 c:/st/stm32cubeide_1.6.1/stm32cubeide/plugins/com.st.stm32cube.ide.mcu.externaltools.gnu-tools-for-stm32.9-2020-q2-update.win32_2.0.0.202105311346/tools/bin/../lib/gcc/arm-none-eabi/9.3.1/thumb/v7e-m+fp/hard\libgcc.a(_arm_fixdfsi.o)
                0x0000000008000ac8                __aeabi_d2iz
                0x0000000008000ac8                __fixdfsi
 .text          0x0000000008000b18       0x40 c:/st/stm32cubeide_1.6.1/stm32cubeide/plugins/com.st.stm32cube.ide.mcu.externaltools.gnu-tools-for-stm32.9-2020-q2-update.win32_2.0.0.202105311346/tools/bin/../lib/gcc/arm-none-eabi/9.3.1/thumb/v7e-m+fp/hard\libgcc.a(_arm_fixunsdfsi.o)
                0x0000000008000b18                __aeabi_d2uiz
                0x0000000008000b18                __fixunsdfsi
 .text          0x0000000008000b58       0xa0 c:/st/stm32cubeide_1.6.1/stm32cubeide/plugins/com.st.stm32cube.ide.mcu.externaltools.gnu-tools-for-stm32.9-2020-q2-update.win32_2.0.0.202105311346/tools/bin/../lib/gcc/arm-none-eabi/9.3.1/thumb/v7e-m+fp/hard\libgcc.a(_arm_truncdfsf2.o)
                0x0000000008000b58                __truncdfsf2
                0x0000000008000b58                __aeabi_d2f
 .text          0x0000000008000bf8       0x30 c:/st/stm32cubeide_1.6.1/stm32cubeide/plugins/com.st.stm32cube.ide.mcu.externaltools.gnu-tools-for-stm32.9-2020-q2-update.win32_2.0.0.202105311346/tools/bin/../lib/gcc/arm-none-eabi/9.3.1/thumb/v7e-m+fp/hard\libgcc.a(_aeabi_uldivmod.o)
                0x0000000008000bf8                __aeabi_uldivmod
 .text          0x0000000008000c28      0x2c4 c:/st/stm32cubeide_1.6.1/stm32cubeide/plugins/com.st.stm32cube.ide.mcu.externaltools.gnu-tools-for-stm32.9-2020-q2-update.win32_2.0.0.202105311346/tools/bin/../lib/gcc/arm-none-eabi/9.3.1/thumb/v7e-m+fp/hard\libgcc.a(_udivmoddi4.o)
                0x0000000008000c28                __udivmoddi4
 .text          0x0000000008000eec        0x4 c:/st/stm32cubeide_1.6.1/stm32cubeide/plugins/com.st.stm32cube.ide.mcu.externaltools.gnu-tools-for-stm32.9-2020-q2-update.win32_2.0.0.202105311346/tools/bin/../lib/gcc/arm-none-eabi/9.3.1/thumb/v7e-m+fp/hard\libgcc.a(_dvmd_tls.o)
                0x0000000008000eec                __aeabi_idiv0
                0x0000000008000eec                __aeabi_ldiv0
 *(.text*)
 .text.MX_ADC1_Init
                0x0000000008000ef0       0xa4 ./Core/Src/adc.o
                0x0000000008000ef0                MX_ADC1_Init
 .text.HAL_ADC_MspInit
                0x0000000008000f94       0x98 ./Core/Src/adc.o
                0x0000000008000f94                HAL_ADC_MspInit
 .text.Uart_Transmit
                0x000000000800102c       0x70 ./Core/Src/communicate.o
                0x000000000800102c                Uart_Transmit
 .text.Uart_RxCplt
                0x000000000800109c      0x558 ./Core/Src/communicate.o
                0x000000000800109c                Uart_RxCplt
 *fill*         0x00000000080015f4        0x4 
 .text.Tx_Data_Update
                0x00000000080015f8      0x33c ./Core/Src/communicate.o
                0x00000000080015f8                Tx_Data_Update
 *fill*         0x0000000008001934        0x4 
 .text.PID      0x0000000008001938      0x6f8 ./Core/Src/control.o
                0x0000000008001938                PID
 .text.s_curve  0x0000000008002030      0x170 ./Core/Src/control.o
                0x0000000008002030                s_curve
 .text.MX_CRC_Init
                0x00000000080021a0       0x28 ./Core/Src/crc.o
                0x00000000080021a0                MX_CRC_Init
 .text.HAL_CRC_MspInit
                0x00000000080021c8       0x44 ./Core/Src/crc.o
                0x00000000080021c8                HAL_CRC_MspInit
 .text.MX_DMA_Init
                0x000000000800220c       0xac ./Core/Src/dma.o
                0x000000000800220c                MX_DMA_Init
 .text.endjoint_Init
                0x00000000080022b8      0x130 ./Core/Src/end_joint.o
                0x00000000080022b8                endjoint_Init
 .text.endjoint_hardware_set
                0x00000000080023e8       0x90 ./Core/Src/end_joint.o
                0x00000000080023e8                endjoint_hardware_set
 .text.servo_reset_pose
                0x0000000008002478       0x78 ./Core/Src/end_joint.o
                0x0000000008002478                servo_reset_pose
 .text.sucker_reset
                0x00000000080024f0       0x50 ./Core/Src/end_joint.o
                0x00000000080024f0                sucker_reset
 .text.endjoint_script
                0x0000000008002540      0x244 ./Core/Src/end_joint.o
                0x0000000008002540                endjoint_script
 *fill*         0x0000000008002784        0x4 
 .text.endjoint_work
                0x0000000008002788      0x200 ./Core/Src/end_joint.o
                0x0000000008002788                endjoint_work
 .text.servo_move
                0x0000000008002988      0x330 ./Core/Src/end_joint.o
                0x0000000008002988                servo_move
 .text.suck_check
                0x0000000008002cb8       0x6c ./Core/Src/end_joint.o
                0x0000000008002cb8                suck_check
 .text.MX_GPIO_Init
                0x0000000008002d24      0x250 ./Core/Src/gpio.o
                0x0000000008002d24                MX_GPIO_Init
 .text.MX_I2C1_Init
                0x0000000008002f74       0x80 ./Core/Src/i2c.o
                0x0000000008002f74                MX_I2C1_Init
 .text.HAL_I2C_MspInit
                0x0000000008002ff4      0x168 ./Core/Src/i2c.o
                0x0000000008002ff4                HAL_I2C_MspInit
 .text.HAL_TIM_PeriodElapsedCallback
                0x000000000800315c      0x118 ./Core/Src/main.o
                0x000000000800315c                HAL_TIM_PeriodElapsedCallback
 .text.HAL_UART_RxCpltCallback
                0x0000000008003274       0x28 ./Core/Src/main.o
                0x0000000008003274                HAL_UART_RxCpltCallback
 .text.HAL_I2C_MemTxCpltCallback
                0x000000000800329c       0x14 ./Core/Src/main.o
                0x000000000800329c                HAL_I2C_MemTxCpltCallback
 .text.HAL_I2C_MemRxCpltCallback
                0x00000000080032b0      0x2d0 ./Core/Src/main.o
                0x00000000080032b0                HAL_I2C_MemRxCpltCallback
 .text.HAL_ADC_ConvCpltCallback
                0x0000000008003580       0x38 ./Core/Src/main.o
                0x0000000008003580                HAL_ADC_ConvCpltCallback
 .text.main     0x00000000080035b8       0xc0 ./Core/Src/main.o
                0x00000000080035b8                main
 .text.SystemClock_Config
                0x0000000008003678       0xe0 ./Core/Src/main.o
                0x0000000008003678                SystemClock_Config
 .text.Error_Handler
                0x0000000008003758        0xa ./Core/Src/main.o
                0x0000000008003758                Error_Handler
 .text.MPU6050_Init
                0x0000000008003762       0xae ./Core/Src/mpu6050.o
                0x0000000008003762                MPU6050_Init
 .text.MPU6050_Read_Gyro
                0x0000000008003810       0x2e ./Core/Src/mpu6050.o
                0x0000000008003810                MPU6050_Read_Gyro
 *fill*         0x000000000800383e        0x2 
 .text.Initiate
                0x0000000008003840      0x108 ./Core/Src/robot.o
                0x0000000008003840                Initiate
 .text.Deinit   0x0000000008003948       0x5c ./Core/Src/robot.o
                0x0000000008003948                Deinit
 *fill*         0x00000000080039a4        0x4 
 .text.driving_module_init
                0x00000000080039a8      0x218 ./Core/Src/robot.o
                0x00000000080039a8                driving_module_init
 .text.wheel_init
                0x0000000008003bc0       0xd4 ./Core/Src/robot.o
                0x0000000008003bc0                wheel_init
 .text.wheel_hardware_init
                0x0000000008003c94       0x78 ./Core/Src/robot.o
                0x0000000008003c94                wheel_hardware_init
 .text.wheel_kinematics_init
                0x0000000008003d0c       0x8e ./Core/Src/robot.o
                0x0000000008003d0c                wheel_kinematics_init
 *fill*         0x0000000008003d9a        0x6 
 .text.ControlInit
                0x0000000008003da0       0xb0 ./Core/Src/robot.o
                0x0000000008003da0                ControlInit
 .text.UartInit
                0x0000000008003e50      0x11c ./Core/Src/robot.o
                0x0000000008003e50                UartInit
 .text.CommunicateInit
                0x0000000008003f6c       0x1a ./Core/Src/robot.o
                0x0000000008003f6c                CommunicateInit
 .text.setMotorSpeed
                0x0000000008003f86       0x98 ./Core/Src/robot.o
                0x0000000008003f86                setMotorSpeed
 *fill*         0x000000000800401e        0x2 
 .text.MX_SPI1_Init
                0x0000000008004020       0x6c ./Core/Src/spi.o
                0x0000000008004020                MX_SPI1_Init
 .text.HAL_SPI_MspInit
                0x000000000800408c       0xa0 ./Core/Src/spi.o
                0x000000000800408c                HAL_SPI_MspInit
 .text.stepper_init
                0x000000000800412c       0x4e ./Core/Src/stepper.o
                0x000000000800412c                stepper_init
 .text.stepper_hardware_set
                0x000000000800417a       0x68 ./Core/Src/stepper.o
                0x000000000800417a                stepper_hardware_set
 .text.linkage_init
                0x00000000080041e2       0x44 ./Core/Src/stepper.o
                0x00000000080041e2                linkage_init
 *fill*         0x0000000008004226        0x2 
 .text.arm_initialize
                0x0000000008004228      0x384 ./Core/Src/stepper.o
                0x0000000008004228                arm_initialize
 .text.scara_accessor
                0x00000000080045ac       0x14 ./Core/Src/stepper.o
                0x00000000080045ac                scara_accessor
 .text.stepper_set
                0x00000000080045c0       0x54 ./Core/Src/stepper.o
                0x00000000080045c0                stepper_set
 *fill*         0x0000000008004614        0x4 
 .text.stepper_move
                0x0000000008004618      0x458 ./Core/Src/stepper.o
                0x0000000008004618                stepper_move
 .text.stepper_angle_tracking
                0x0000000008004a70      0x120 ./Core/Src/stepper.o
                0x0000000008004a70                stepper_angle_tracking
 .text.scara_init
                0x0000000008004b90      0x1d0 ./Core/Src/stepper.o
                0x0000000008004b90                scara_init
 .text.update_linkage_endpose
                0x0000000008004d60      0x3b8 ./Core/Src/stepper.o
                0x0000000008004d60                update_linkage_endpose
 .text.theta_domain_convert
                0x0000000008005118      0x100 ./Core/Src/stepper.o
                0x0000000008005118                theta_domain_convert
 .text.radian   0x0000000008005218       0x54 ./Core/Src/stepper.o
                0x0000000008005218                radian
 *fill*         0x000000000800526c        0x4 
 .text.get_vec_length
                0x0000000008005270       0x88 ./Core/Src/stepper.o
                0x0000000008005270                get_vec_length
 .text.HAL_TIM_PWM_PulseFinishedCallback
                0x00000000080052f8      0x1a0 ./Core/Src/stepper.o
                0x00000000080052f8                HAL_TIM_PWM_PulseFinishedCallback
 .text.HAL_MspInit
                0x0000000008005498       0x50 ./Core/Src/stm32f4xx_hal_msp.o
                0x0000000008005498                HAL_MspInit
 .text.NMI_Handler
                0x00000000080054e8        0x6 ./Core/Src/stm32f4xx_it.o
                0x00000000080054e8                NMI_Handler
 .text.HardFault_Handler
                0x00000000080054ee        0x6 ./Core/Src/stm32f4xx_it.o
                0x00000000080054ee                HardFault_Handler
 .text.MemManage_Handler
                0x00000000080054f4        0x6 ./Core/Src/stm32f4xx_it.o
                0x00000000080054f4                MemManage_Handler
 .text.BusFault_Handler
                0x00000000080054fa        0x6 ./Core/Src/stm32f4xx_it.o
                0x00000000080054fa                BusFault_Handler
 .text.UsageFault_Handler
                0x0000000008005500        0x6 ./Core/Src/stm32f4xx_it.o
                0x0000000008005500                UsageFault_Handler
 .text.SVC_Handler
                0x0000000008005506        0xe ./Core/Src/stm32f4xx_it.o
                0x0000000008005506                SVC_Handler
 .text.DebugMon_Handler
                0x0000000008005514        0xe ./Core/Src/stm32f4xx_it.o
                0x0000000008005514                DebugMon_Handler
 .text.PendSV_Handler
                0x0000000008005522        0xe ./Core/Src/stm32f4xx_it.o
                0x0000000008005522                PendSV_Handler
 .text.SysTick_Handler
                0x0000000008005530        0xc ./Core/Src/stm32f4xx_it.o
                0x0000000008005530                SysTick_Handler
 .text.DMA1_Stream0_IRQHandler
                0x000000000800553c       0x14 ./Core/Src/stm32f4xx_it.o
                0x000000000800553c                DMA1_Stream0_IRQHandler
 .text.DMA1_Stream1_IRQHandler
                0x0000000008005550       0x14 ./Core/Src/stm32f4xx_it.o
                0x0000000008005550                DMA1_Stream1_IRQHandler
 .text.DMA1_Stream3_IRQHandler
                0x0000000008005564       0x14 ./Core/Src/stm32f4xx_it.o
                0x0000000008005564                DMA1_Stream3_IRQHandler
 .text.DMA1_Stream6_IRQHandler
                0x0000000008005578       0x14 ./Core/Src/stm32f4xx_it.o
                0x0000000008005578                DMA1_Stream6_IRQHandler
 .text.ADC_IRQHandler
                0x000000000800558c       0x14 ./Core/Src/stm32f4xx_it.o
                0x000000000800558c                ADC_IRQHandler
 .text.TIM1_TRG_COM_TIM11_IRQHandler
                0x00000000080055a0       0x14 ./Core/Src/stm32f4xx_it.o
                0x00000000080055a0                TIM1_TRG_COM_TIM11_IRQHandler
 .text.I2C1_EV_IRQHandler
                0x00000000080055b4       0x14 ./Core/Src/stm32f4xx_it.o
                0x00000000080055b4                I2C1_EV_IRQHandler
 .text.SPI1_IRQHandler
                0x00000000080055c8       0x14 ./Core/Src/stm32f4xx_it.o
                0x00000000080055c8                SPI1_IRQHandler
 .text.USART1_IRQHandler
                0x00000000080055dc       0x14 ./Core/Src/stm32f4xx_it.o
                0x00000000080055dc                USART1_IRQHandler
 .text.USART3_IRQHandler
                0x00000000080055f0       0x14 ./Core/Src/stm32f4xx_it.o
                0x00000000080055f0                USART3_IRQHandler
 .text.TIM8_UP_TIM13_IRQHandler
                0x0000000008005604       0x14 ./Core/Src/stm32f4xx_it.o
                0x0000000008005604                TIM8_UP_TIM13_IRQHandler
 .text.TIM8_TRG_COM_TIM14_IRQHandler
                0x0000000008005618       0x14 ./Core/Src/stm32f4xx_it.o
                0x0000000008005618                TIM8_TRG_COM_TIM14_IRQHandler
 .text.TIM6_DAC_IRQHandler
                0x000000000800562c       0x14 ./Core/Src/stm32f4xx_it.o
                0x000000000800562c                TIM6_DAC_IRQHandler
 .text.TIM7_IRQHandler
                0x0000000008005640       0x14 ./Core/Src/stm32f4xx_it.o
                0x0000000008005640                TIM7_IRQHandler
 .text.DMA2_Stream2_IRQHandler
                0x0000000008005654       0x14 ./Core/Src/stm32f4xx_it.o
                0x0000000008005654                DMA2_Stream2_IRQHandler
 .text.DMA2_Stream7_IRQHandler
                0x0000000008005668       0x14 ./Core/Src/stm32f4xx_it.o
                0x0000000008005668                DMA2_Stream7_IRQHandler
 .text.SystemInit
                0x000000000800567c       0x24 ./Core/Src/system_stm32f4xx.o
                0x000000000800567c                SystemInit
 .text.MX_TIM2_Init
                0x00000000080056a0       0xa8 ./Core/Src/tim.o
                0x00000000080056a0                MX_TIM2_Init
 .text.MX_TIM3_Init
                0x0000000008005748       0xa8 ./Core/Src/tim.o
                0x0000000008005748                MX_TIM3_Init
 .text.MX_TIM4_Init
                0x00000000080057f0       0xa8 ./Core/Src/tim.o
                0x00000000080057f0                MX_TIM4_Init
 .text.MX_TIM5_Init
                0x0000000008005898       0xa8 ./Core/Src/tim.o
                0x0000000008005898                MX_TIM5_Init
 .text.MX_TIM6_Init
                0x0000000008005940       0x6c ./Core/Src/tim.o
                0x0000000008005940                MX_TIM6_Init
 .text.MX_TIM7_Init
                0x00000000080059ac       0x6c ./Core/Src/tim.o
                0x00000000080059ac                MX_TIM7_Init
 .text.MX_TIM9_Init
                0x0000000008005a18       0xa0 ./Core/Src/tim.o
                0x0000000008005a18                MX_TIM9_Init
 .text.MX_TIM10_Init
                0x0000000008005ab8       0x9c ./Core/Src/tim.o
                0x0000000008005ab8                MX_TIM10_Init
 .text.MX_TIM11_Init
                0x0000000008005b54       0x9c ./Core/Src/tim.o
                0x0000000008005b54                MX_TIM11_Init
 .text.MX_TIM12_Init
                0x0000000008005bf0       0x8c ./Core/Src/tim.o
                0x0000000008005bf0                MX_TIM12_Init
 .text.MX_TIM13_Init
                0x0000000008005c7c       0x9c ./Core/Src/tim.o
                0x0000000008005c7c                MX_TIM13_Init
 .text.MX_TIM14_Init
                0x0000000008005d18       0x48 ./Core/Src/tim.o
                0x0000000008005d18                MX_TIM14_Init
 .text.HAL_TIM_Encoder_MspInit
                0x0000000008005d60      0x20c ./Core/Src/tim.o
                0x0000000008005d60                HAL_TIM_Encoder_MspInit
 .text.HAL_TIM_Base_MspInit
                0x0000000008005f6c      0x16c ./Core/Src/tim.o
                0x0000000008005f6c                HAL_TIM_Base_MspInit
 .text.HAL_TIM_PWM_MspInit
                0x00000000080060d8       0x70 ./Core/Src/tim.o
                0x00000000080060d8                HAL_TIM_PWM_MspInit
 .text.HAL_TIM_MspPostInit
                0x0000000008006148      0x1b4 ./Core/Src/tim.o
                0x0000000008006148                HAL_TIM_MspPostInit
 .text.MX_USART1_UART_Init
                0x00000000080062fc       0x54 ./Core/Src/usart.o
                0x00000000080062fc                MX_USART1_UART_Init
 .text.MX_USART3_UART_Init
                0x0000000008006350       0x54 ./Core/Src/usart.o
                0x0000000008006350                MX_USART3_UART_Init
 .text.HAL_UART_MspInit
                0x00000000080063a4      0x300 ./Core/Src/usart.o
                0x00000000080063a4                HAL_UART_MspInit
 .text.Reset_Handler
                0x00000000080066a4       0x50 ./Core/Startup/startup_stm32f429zitx.o
                0x00000000080066a4                Reset_Handler
 .text.Default_Handler
                0x00000000080066f4        0x2 ./Core/Startup/startup_stm32f429zitx.o
                0x00000000080066f4                RTC_Alarm_IRQHandler
                0x00000000080066f4                HASH_RNG_IRQHandler
                0x00000000080066f4                EXTI2_IRQHandler
                0x00000000080066f4                TIM8_CC_IRQHandler
                0x00000000080066f4                UART8_IRQHandler
                0x00000000080066f4                SPI4_IRQHandler
                0x00000000080066f4                TIM1_CC_IRQHandler
                0x00000000080066f4                DMA2_Stream5_IRQHandler
                0x00000000080066f4                DMA1_Stream5_IRQHandler
                0x00000000080066f4                PVD_IRQHandler
                0x00000000080066f4                SDIO_IRQHandler
                0x00000000080066f4                TAMP_STAMP_IRQHandler
                0x00000000080066f4                CAN2_RX1_IRQHandler
                0x00000000080066f4                EXTI3_IRQHandler
                0x00000000080066f4                TIM1_UP_TIM10_IRQHandler
                0x00000000080066f4                I2C3_ER_IRQHandler
                0x00000000080066f4                EXTI0_IRQHandler
                0x00000000080066f4                I2C2_EV_IRQHandler
                0x00000000080066f4                DMA1_Stream2_IRQHandler
                0x00000000080066f4                CAN1_RX0_IRQHandler
                0x00000000080066f4                FPU_IRQHandler
                0x00000000080066f4                OTG_HS_WKUP_IRQHandler
                0x00000000080066f4                LTDC_ER_IRQHandler
                0x00000000080066f4                CAN2_SCE_IRQHandler
                0x00000000080066f4                TIM1_BRK_TIM9_IRQHandler
                0x00000000080066f4                DCMI_IRQHandler
                0x00000000080066f4                CAN2_RX0_IRQHandler
                0x00000000080066f4                DMA2_Stream3_IRQHandler
                0x00000000080066f4                USART6_IRQHandler
                0x00000000080066f4                CAN1_RX1_IRQHandler
                0x00000000080066f4                UART5_IRQHandler
                0x00000000080066f4                DMA2_Stream0_IRQHandler
                0x00000000080066f4                TIM4_IRQHandler
                0x00000000080066f4                UART4_IRQHandler
                0x00000000080066f4                TIM3_IRQHandler
                0x00000000080066f4                RCC_IRQHandler
                0x00000000080066f4                TIM8_BRK_TIM12_IRQHandler
                0x00000000080066f4                Default_Handler
                0x00000000080066f4                EXTI15_10_IRQHandler
                0x00000000080066f4                DMA1_Stream7_IRQHandler
                0x00000000080066f4                SPI5_IRQHandler
                0x00000000080066f4                CAN2_TX_IRQHandler
                0x00000000080066f4                TIM5_IRQHandler
                0x00000000080066f4                I2C3_EV_IRQHandler
                0x00000000080066f4                EXTI9_5_IRQHandler
                0x00000000080066f4                RTC_WKUP_IRQHandler
                0x00000000080066f4                LTDC_IRQHandler
                0x00000000080066f4                ETH_WKUP_IRQHandler
                0x00000000080066f4                SPI2_IRQHandler
                0x00000000080066f4                OTG_HS_EP1_IN_IRQHandler
                0x00000000080066f4                CAN1_TX_IRQHandler
                0x00000000080066f4                EXTI4_IRQHandler
                0x00000000080066f4                ETH_IRQHandler
                0x00000000080066f4                OTG_HS_EP1_OUT_IRQHandler
                0x00000000080066f4                WWDG_IRQHandler
                0x00000000080066f4                SPI6_IRQHandler
                0x00000000080066f4                TIM2_IRQHandler
                0x00000000080066f4                OTG_FS_WKUP_IRQHandler
                0x00000000080066f4                OTG_HS_IRQHandler
                0x00000000080066f4                DMA2D_IRQHandler
                0x00000000080066f4                EXTI1_IRQHandler
                0x00000000080066f4                UART7_IRQHandler
                0x00000000080066f4                USART2_IRQHandler
                0x00000000080066f4                I2C2_ER_IRQHandler
                0x00000000080066f4                DMA2_Stream1_IRQHandler
                0x00000000080066f4                CAN1_SCE_IRQHandler
                0x00000000080066f4                FLASH_IRQHandler
                0x00000000080066f4                DMA2_Stream4_IRQHandler
                0x00000000080066f4                OTG_FS_IRQHandler
                0x00000000080066f4                SPI3_IRQHandler
                0x00000000080066f4                DMA1_Stream4_IRQHandler
                0x00000000080066f4                I2C1_ER_IRQHandler
                0x00000000080066f4                FMC_IRQHandler
                0x00000000080066f4                DMA2_Stream6_IRQHandler
                0x00000000080066f4                SAI1_IRQHandler
 *fill*         0x00000000080066f6        0x2 
 .text.HAL_Init
                0x00000000080066f8       0x44 ./Drivers/STM32F4xx_HAL_Driver/Src/stm32f4xx_hal.o
                0x00000000080066f8                HAL_Init
 .text.HAL_InitTick
                0x000000000800673c       0x60 ./Drivers/STM32F4xx_HAL_Driver/Src/stm32f4xx_hal.o
                0x000000000800673c                HAL_InitTick
 .text.HAL_IncTick
                0x000000000800679c       0x28 ./Drivers/STM32F4xx_HAL_Driver/Src/stm32f4xx_hal.o
                0x000000000800679c                HAL_IncTick
 .text.HAL_GetTick
                0x00000000080067c4       0x18 ./Drivers/STM32F4xx_HAL_Driver/Src/stm32f4xx_hal.o
                0x00000000080067c4                HAL_GetTick
 .text.HAL_Delay
                0x00000000080067dc       0x48 ./Drivers/STM32F4xx_HAL_Driver/Src/stm32f4xx_hal.o
                0x00000000080067dc                HAL_Delay
 .text.HAL_ADC_Init
                0x0000000008006824       0x86 ./Drivers/STM32F4xx_HAL_Driver/Src/stm32f4xx_hal_adc.o
                0x0000000008006824                HAL_ADC_Init
 *fill*         0x00000000080068aa        0x2 
 .text.HAL_ADC_Start_IT
                0x00000000080068ac      0x1bc ./Drivers/STM32F4xx_HAL_Driver/Src/stm32f4xx_hal_adc.o
                0x00000000080068ac                HAL_ADC_Start_IT
 .text.HAL_ADC_IRQHandler
                0x0000000008006a68      0x282 ./Drivers/STM32F4xx_HAL_Driver/Src/stm32f4xx_hal_adc.o
                0x0000000008006a68                HAL_ADC_IRQHandler
 .text.HAL_ADC_GetValue
                0x0000000008006cea       0x1a ./Drivers/STM32F4xx_HAL_Driver/Src/stm32f4xx_hal_adc.o
                0x0000000008006cea                HAL_ADC_GetValue
 .text.HAL_ADC_LevelOutOfWindowCallback
                0x0000000008006d04       0x14 ./Drivers/STM32F4xx_HAL_Driver/Src/stm32f4xx_hal_adc.o
                0x0000000008006d04                HAL_ADC_LevelOutOfWindowCallback
 .text.HAL_ADC_ErrorCallback
                0x0000000008006d18       0x14 ./Drivers/STM32F4xx_HAL_Driver/Src/stm32f4xx_hal_adc.o
                0x0000000008006d18                HAL_ADC_ErrorCallback
 .text.HAL_ADC_ConfigChannel
                0x0000000008006d2c      0x264 ./Drivers/STM32F4xx_HAL_Driver/Src/stm32f4xx_hal_adc.o
                0x0000000008006d2c                HAL_ADC_ConfigChannel
 .text.ADC_Init
                0x0000000008006f90      0x1f8 ./Drivers/STM32F4xx_HAL_Driver/Src/stm32f4xx_hal_adc.o
 .text.HAL_ADCEx_InjectedConvCpltCallback
                0x0000000008007188       0x14 ./Drivers/STM32F4xx_HAL_Driver/Src/stm32f4xx_hal_adc_ex.o
                0x0000000008007188                HAL_ADCEx_InjectedConvCpltCallback
 .text.__NVIC_SetPriorityGrouping
                0x000000000800719c       0x48 ./Drivers/STM32F4xx_HAL_Driver/Src/stm32f4xx_hal_cortex.o
 .text.__NVIC_GetPriorityGrouping
                0x00000000080071e4       0x1c ./Drivers/STM32F4xx_HAL_Driver/Src/stm32f4xx_hal_cortex.o
 .text.__NVIC_EnableIRQ
                0x0000000008007200       0x3c ./Drivers/STM32F4xx_HAL_Driver/Src/stm32f4xx_hal_cortex.o
 .text.__NVIC_SetPriority
                0x000000000800723c       0x54 ./Drivers/STM32F4xx_HAL_Driver/Src/stm32f4xx_hal_cortex.o
 .text.NVIC_EncodePriority
                0x0000000008007290       0x66 ./Drivers/STM32F4xx_HAL_Driver/Src/stm32f4xx_hal_cortex.o
 *fill*         0x00000000080072f6        0x2 
 .text.SysTick_Config
                0x00000000080072f8       0x44 ./Drivers/STM32F4xx_HAL_Driver/Src/stm32f4xx_hal_cortex.o
 .text.HAL_NVIC_SetPriorityGrouping
                0x000000000800733c       0x16 ./Drivers/STM32F4xx_HAL_Driver/Src/stm32f4xx_hal_cortex.o
                0x000000000800733c                HAL_NVIC_SetPriorityGrouping
 .text.HAL_NVIC_SetPriority
                0x0000000008007352       0x38 ./Drivers/STM32F4xx_HAL_Driver/Src/stm32f4xx_hal_cortex.o
                0x0000000008007352                HAL_NVIC_SetPriority
 .text.HAL_NVIC_EnableIRQ
                0x000000000800738a       0x1c ./Drivers/STM32F4xx_HAL_Driver/Src/stm32f4xx_hal_cortex.o
                0x000000000800738a                HAL_NVIC_EnableIRQ
 .text.HAL_SYSTICK_Config
                0x00000000080073a6       0x18 ./Drivers/STM32F4xx_HAL_Driver/Src/stm32f4xx_hal_cortex.o
                0x00000000080073a6                HAL_SYSTICK_Config
 .text.HAL_CRC_Init
                0x00000000080073be       0x38 ./Drivers/STM32F4xx_HAL_Driver/Src/stm32f4xx_hal_crc.o
                0x00000000080073be                HAL_CRC_Init
 .text.HAL_CRC_Calculate
                0x00000000080073f6       0x66 ./Drivers/STM32F4xx_HAL_Driver/Src/stm32f4xx_hal_crc.o
                0x00000000080073f6                HAL_CRC_Calculate
 .text.HAL_DMA_Init
                0x000000000800745c      0x15c ./Drivers/STM32F4xx_HAL_Driver/Src/stm32f4xx_hal_dma.o
                0x000000000800745c                HAL_DMA_Init
 .text.HAL_DMA_Start_IT
                0x00000000080075b8       0xb0 ./Drivers/STM32F4xx_HAL_Driver/Src/stm32f4xx_hal_dma.o
                0x00000000080075b8                HAL_DMA_Start_IT
 .text.HAL_DMA_Abort
                0x0000000008007668       0xe0 ./Drivers/STM32F4xx_HAL_Driver/Src/stm32f4xx_hal_dma.o
                0x0000000008007668                HAL_DMA_Abort
 .text.HAL_DMA_Abort_IT
                0x0000000008007748       0x44 ./Drivers/STM32F4xx_HAL_Driver/Src/stm32f4xx_hal_dma.o
                0x0000000008007748                HAL_DMA_Abort_IT
 .text.HAL_DMA_IRQHandler
                0x000000000800778c      0x314 ./Drivers/STM32F4xx_HAL_Driver/Src/stm32f4xx_hal_dma.o
                0x000000000800778c                HAL_DMA_IRQHandler
 .text.HAL_DMA_GetState
                0x0000000008007aa0       0x1c ./Drivers/STM32F4xx_HAL_Driver/Src/stm32f4xx_hal_dma.o
                0x0000000008007aa0                HAL_DMA_GetState
 .text.HAL_DMA_GetError
                0x0000000008007abc       0x18 ./Drivers/STM32F4xx_HAL_Driver/Src/stm32f4xx_hal_dma.o
                0x0000000008007abc                HAL_DMA_GetError
 .text.DMA_SetConfig
                0x0000000008007ad4       0x5c ./Drivers/STM32F4xx_HAL_Driver/Src/stm32f4xx_hal_dma.o
 .text.DMA_CalcBaseAndBitshift
                0x0000000008007b30       0x6c ./Drivers/STM32F4xx_HAL_Driver/Src/stm32f4xx_hal_dma.o
 .text.DMA_CheckFifoParam
                0x0000000008007b9c       0xf8 ./Drivers/STM32F4xx_HAL_Driver/Src/stm32f4xx_hal_dma.o
 .text.HAL_GPIO_Init
                0x0000000008007c94      0x358 ./Drivers/STM32F4xx_HAL_Driver/Src/stm32f4xx_hal_gpio.o
                0x0000000008007c94                HAL_GPIO_Init
 .text.HAL_GPIO_ReadPin
                0x0000000008007fec       0x30 ./Drivers/STM32F4xx_HAL_Driver/Src/stm32f4xx_hal_gpio.o
                0x0000000008007fec                HAL_GPIO_ReadPin
 .text.HAL_GPIO_WritePin
                0x000000000800801c       0x32 ./Drivers/STM32F4xx_HAL_Driver/Src/stm32f4xx_hal_gpio.o
                0x000000000800801c                HAL_GPIO_WritePin
 *fill*         0x000000000800804e        0x2 
 .text.HAL_I2C_Init
                0x0000000008008050      0x288 ./Drivers/STM32F4xx_HAL_Driver/Src/stm32f4xx_hal_i2c.o
                0x0000000008008050                HAL_I2C_Init
 .text.HAL_I2C_Mem_Write
                0x00000000080082d8      0x1f4 ./Drivers/STM32F4xx_HAL_Driver/Src/stm32f4xx_hal_i2c.o
                0x00000000080082d8                HAL_I2C_Mem_Write
 .text.HAL_I2C_Mem_Read
                0x00000000080084cc      0x44c ./Drivers/STM32F4xx_HAL_Driver/Src/stm32f4xx_hal_i2c.o
                0x00000000080084cc                HAL_I2C_Mem_Read
 .text.HAL_I2C_Mem_Read_DMA
                0x0000000008008918      0x328 ./Drivers/STM32F4xx_HAL_Driver/Src/stm32f4xx_hal_i2c.o
                0x0000000008008918                HAL_I2C_Mem_Read_DMA
 .text.HAL_I2C_EV_IRQHandler
                0x0000000008008c40      0x2e2 ./Drivers/STM32F4xx_HAL_Driver/Src/stm32f4xx_hal_i2c.o
                0x0000000008008c40                HAL_I2C_EV_IRQHandler
 .text.HAL_I2C_MasterTxCpltCallback
                0x0000000008008f22       0x14 ./Drivers/STM32F4xx_HAL_Driver/Src/stm32f4xx_hal_i2c.o
                0x0000000008008f22                HAL_I2C_MasterTxCpltCallback
 .text.HAL_I2C_MasterRxCpltCallback
                0x0000000008008f36       0x14 ./Drivers/STM32F4xx_HAL_Driver/Src/stm32f4xx_hal_i2c.o
                0x0000000008008f36                HAL_I2C_MasterRxCpltCallback
 .text.HAL_I2C_SlaveTxCpltCallback
                0x0000000008008f4a       0x14 ./Drivers/STM32F4xx_HAL_Driver/Src/stm32f4xx_hal_i2c.o
                0x0000000008008f4a                HAL_I2C_SlaveTxCpltCallback
 .text.HAL_I2C_SlaveRxCpltCallback
                0x0000000008008f5e       0x14 ./Drivers/STM32F4xx_HAL_Driver/Src/stm32f4xx_hal_i2c.o
                0x0000000008008f5e                HAL_I2C_SlaveRxCpltCallback
 .text.HAL_I2C_AddrCallback
                0x0000000008008f72       0x1c ./Drivers/STM32F4xx_HAL_Driver/Src/stm32f4xx_hal_i2c.o
                0x0000000008008f72                HAL_I2C_AddrCallback
 .text.HAL_I2C_ListenCpltCallback
                0x0000000008008f8e       0x14 ./Drivers/STM32F4xx_HAL_Driver/Src/stm32f4xx_hal_i2c.o
                0x0000000008008f8e                HAL_I2C_ListenCpltCallback
 .text.HAL_I2C_ErrorCallback
                0x0000000008008fa2       0x14 ./Drivers/STM32F4xx_HAL_Driver/Src/stm32f4xx_hal_i2c.o
                0x0000000008008fa2                HAL_I2C_ErrorCallback
 .text.HAL_I2C_AbortCpltCallback
                0x0000000008008fb6       0x14 ./Drivers/STM32F4xx_HAL_Driver/Src/stm32f4xx_hal_i2c.o
                0x0000000008008fb6                HAL_I2C_AbortCpltCallback
 .text.I2C_MasterTransmit_TXE
                0x0000000008008fca      0x138 ./Drivers/STM32F4xx_HAL_Driver/Src/stm32f4xx_hal_i2c.o
 .text.I2C_MasterTransmit_BTF
                0x0000000008009102       0xec ./Drivers/STM32F4xx_HAL_Driver/Src/stm32f4xx_hal_i2c.o
 .text.I2C_MemoryTransmit_TXE_BTF
                0x00000000080091ee      0x128 ./Drivers/STM32F4xx_HAL_Driver/Src/stm32f4xx_hal_i2c.o
 .text.I2C_MasterReceive_RXNE
                0x0000000008009316      0x162 ./Drivers/STM32F4xx_HAL_Driver/Src/stm32f4xx_hal_i2c.o
 .text.I2C_MasterReceive_BTF
                0x0000000008009478      0x1d4 ./Drivers/STM32F4xx_HAL_Driver/Src/stm32f4xx_hal_i2c.o
 .text.I2C_Master_SB
                0x000000000800964c      0x10c ./Drivers/STM32F4xx_HAL_Driver/Src/stm32f4xx_hal_i2c.o
 .text.I2C_Master_ADD10
                0x0000000008009758       0x54 ./Drivers/STM32F4xx_HAL_Driver/Src/stm32f4xx_hal_i2c.o
 .text.I2C_Master_ADDR
                0x00000000080097ac      0x322 ./Drivers/STM32F4xx_HAL_Driver/Src/stm32f4xx_hal_i2c.o
 .text.I2C_SlaveTransmit_TXE
                0x0000000008009ace       0x7a ./Drivers/STM32F4xx_HAL_Driver/Src/stm32f4xx_hal_i2c.o
 .text.I2C_SlaveTransmit_BTF
                0x0000000008009b48       0x42 ./Drivers/STM32F4xx_HAL_Driver/Src/stm32f4xx_hal_i2c.o
 .text.I2C_SlaveReceive_RXNE
                0x0000000008009b8a       0x7c ./Drivers/STM32F4xx_HAL_Driver/Src/stm32f4xx_hal_i2c.o
 .text.I2C_SlaveReceive_BTF
                0x0000000008009c06       0x44 ./Drivers/STM32F4xx_HAL_Driver/Src/stm32f4xx_hal_i2c.o
 .text.I2C_Slave_ADDR
                0x0000000008009c4a       0x94 ./Drivers/STM32F4xx_HAL_Driver/Src/stm32f4xx_hal_i2c.o
 *fill*         0x0000000008009cde        0x2 
 .text.I2C_Slave_STOPF
                0x0000000008009ce0      0x260 ./Drivers/STM32F4xx_HAL_Driver/Src/stm32f4xx_hal_i2c.o
 .text.I2C_ITError
                0x0000000008009f40      0x264 ./Drivers/STM32F4xx_HAL_Driver/Src/stm32f4xx_hal_i2c.o
 .text.I2C_RequestMemoryWrite
                0x000000000800a1a4      0x12c ./Drivers/STM32F4xx_HAL_Driver/Src/stm32f4xx_hal_i2c.o
 .text.I2C_RequestMemoryRead
                0x000000000800a2d0      0x1d0 ./Drivers/STM32F4xx_HAL_Driver/Src/stm32f4xx_hal_i2c.o
 .text.I2C_DMAXferCplt
                0x000000000800a4a0      0x1aa ./Drivers/STM32F4xx_HAL_Driver/Src/stm32f4xx_hal_i2c.o
 .text.I2C_DMAError
                0x000000000800a64a       0x7a ./Drivers/STM32F4xx_HAL_Driver/Src/stm32f4xx_hal_i2c.o
 .text.I2C_DMAAbort
                0x000000000800a6c4      0x150 ./Drivers/STM32F4xx_HAL_Driver/Src/stm32f4xx_hal_i2c.o
 .text.I2C_WaitOnFlagUntilTimeout
                0x000000000800a814       0xae ./Drivers/STM32F4xx_HAL_Driver/Src/stm32f4xx_hal_i2c.o
 .text.I2C_WaitOnMasterAddressFlagUntilTimeout
                0x000000000800a8c2       0xfe ./Drivers/STM32F4xx_HAL_Driver/Src/stm32f4xx_hal_i2c.o
 .text.I2C_WaitOnTXEFlagUntilTimeout
                0x000000000800a9c0       0x82 ./Drivers/STM32F4xx_HAL_Driver/Src/stm32f4xx_hal_i2c.o
 .text.I2C_WaitOnBTFFlagUntilTimeout
                0x000000000800aa42       0x82 ./Drivers/STM32F4xx_HAL_Driver/Src/stm32f4xx_hal_i2c.o
 .text.I2C_WaitOnSTOPRequestThroughIT
                0x000000000800aac4       0x64 ./Drivers/STM32F4xx_HAL_Driver/Src/stm32f4xx_hal_i2c.o
 .text.I2C_WaitOnRXNEFlagUntilTimeout
                0x000000000800ab28       0xac ./Drivers/STM32F4xx_HAL_Driver/Src/stm32f4xx_hal_i2c.o
 .text.I2C_IsAcknowledgeFailed
                0x000000000800abd4       0x5e ./Drivers/STM32F4xx_HAL_Driver/Src/stm32f4xx_hal_i2c.o
 .text.I2C_ConvertOtherXferOptions
                0x000000000800ac32       0x36 ./Drivers/STM32F4xx_HAL_Driver/Src/stm32f4xx_hal_i2c.o
 .text.HAL_I2CEx_ConfigAnalogFilter
                0x000000000800ac68       0x78 ./Drivers/STM32F4xx_HAL_Driver/Src/stm32f4xx_hal_i2c_ex.o
                0x000000000800ac68                HAL_I2CEx_ConfigAnalogFilter
 .text.HAL_I2CEx_ConfigDigitalFilter
                0x000000000800ace0       0x7e ./Drivers/STM32F4xx_HAL_Driver/Src/stm32f4xx_hal_i2c_ex.o
                0x000000000800ace0                HAL_I2CEx_ConfigDigitalFilter
 *fill*         0x000000000800ad5e        0x2 
 .text.HAL_PWREx_EnableOverDrive
                0x000000000800ad60       0xa0 ./Drivers/STM32F4xx_HAL_Driver/Src/stm32f4xx_hal_pwr_ex.o
                0x000000000800ad60                HAL_PWREx_EnableOverDrive
 .text.HAL_RCC_OscConfig
                0x000000000800ae00      0x4f0 ./Drivers/STM32F4xx_HAL_Driver/Src/stm32f4xx_hal_rcc.o
                0x000000000800ae00                HAL_RCC_OscConfig
 .text.HAL_RCC_ClockConfig
                0x000000000800b2f0      0x1cc ./Drivers/STM32F4xx_HAL_Driver/Src/stm32f4xx_hal_rcc.o
                0x000000000800b2f0                HAL_RCC_ClockConfig
 .text.HAL_RCC_GetSysClockFreq
                0x000000000800b4bc      0x16c ./Drivers/STM32F4xx_HAL_Driver/Src/stm32f4xx_hal_rcc.o
                0x000000000800b4bc                HAL_RCC_GetSysClockFreq
 .text.HAL_RCC_GetHCLKFreq
                0x000000000800b628       0x18 ./Drivers/STM32F4xx_HAL_Driver/Src/stm32f4xx_hal_rcc.o
                0x000000000800b628                HAL_RCC_GetHCLKFreq
 .text.HAL_RCC_GetPCLK1Freq
                0x000000000800b640       0x28 ./Drivers/STM32F4xx_HAL_Driver/Src/stm32f4xx_hal_rcc.o
                0x000000000800b640                HAL_RCC_GetPCLK1Freq
 .text.HAL_RCC_GetPCLK2Freq
                0x000000000800b668       0x28 ./Drivers/STM32F4xx_HAL_Driver/Src/stm32f4xx_hal_rcc.o
                0x000000000800b668                HAL_RCC_GetPCLK2Freq
 .text.HAL_SPI_Init
                0x000000000800b690      0x112 ./Drivers/STM32F4xx_HAL_Driver/Src/stm32f4xx_hal_spi.o
                0x000000000800b690                HAL_SPI_Init
 *fill*         0x000000000800b7a2        0x2 
 .text.HAL_SPI_IRQHandler
                0x000000000800b7a4      0x200 ./Drivers/STM32F4xx_HAL_Driver/Src/stm32f4xx_hal_spi.o
                0x000000000800b7a4                HAL_SPI_IRQHandler
 .text.HAL_SPI_ErrorCallback
                0x000000000800b9a4       0x14 ./Drivers/STM32F4xx_HAL_Driver/Src/stm32f4xx_hal_spi.o
                0x000000000800b9a4                HAL_SPI_ErrorCallback
 .text.SPI_DMAAbortOnError
                0x000000000800b9b8       0x28 ./Drivers/STM32F4xx_HAL_Driver/Src/stm32f4xx_hal_spi.o
 .text.HAL_TIM_Base_Init
                0x000000000800b9e0       0x9e ./Drivers/STM32F4xx_HAL_Driver/Src/stm32f4xx_hal_tim.o
                0x000000000800b9e0                HAL_TIM_Base_Init
 .text.HAL_TIM_Base_Stop
                0x000000000800ba7e       0x4e ./Drivers/STM32F4xx_HAL_Driver/Src/stm32f4xx_hal_tim.o
                0x000000000800ba7e                HAL_TIM_Base_Stop
 .text.HAL_TIM_Base_Start_IT
                0x000000000800bacc       0xe0 ./Drivers/STM32F4xx_HAL_Driver/Src/stm32f4xx_hal_tim.o
                0x000000000800bacc                HAL_TIM_Base_Start_IT
 .text.HAL_TIM_PWM_Init
                0x000000000800bbac       0x9e ./Drivers/STM32F4xx_HAL_Driver/Src/stm32f4xx_hal_tim.o
                0x000000000800bbac                HAL_TIM_PWM_Init
 *fill*         0x000000000800bc4a        0x2 
 .text.HAL_TIM_PWM_Start
                0x000000000800bc4c      0x190 ./Drivers/STM32F4xx_HAL_Driver/Src/stm32f4xx_hal_tim.o
                0x000000000800bc4c                HAL_TIM_PWM_Start
 .text.HAL_TIM_PWM_Stop
                0x000000000800bddc       0xe0 ./Drivers/STM32F4xx_HAL_Driver/Src/stm32f4xx_hal_tim.o
                0x000000000800bddc                HAL_TIM_PWM_Stop
 .text.HAL_TIM_PWM_Start_IT
                0x000000000800bebc      0x22c ./Drivers/STM32F4xx_HAL_Driver/Src/stm32f4xx_hal_tim.o
                0x000000000800bebc                HAL_TIM_PWM_Start_IT
 .text.HAL_TIM_Encoder_Init
                0x000000000800c0e8      0x14c ./Drivers/STM32F4xx_HAL_Driver/Src/stm32f4xx_hal_tim.o
                0x000000000800c0e8                HAL_TIM_Encoder_Init
 .text.HAL_TIM_Encoder_Start
                0x000000000800c234      0x11c ./Drivers/STM32F4xx_HAL_Driver/Src/stm32f4xx_hal_tim.o
                0x000000000800c234                HAL_TIM_Encoder_Start
 .text.HAL_TIM_IRQHandler
                0x000000000800c350      0x210 ./Drivers/STM32F4xx_HAL_Driver/Src/stm32f4xx_hal_tim.o
                0x000000000800c350                HAL_TIM_IRQHandler
 .text.HAL_TIM_PWM_ConfigChannel
                0x000000000800c560      0x184 ./Drivers/STM32F4xx_HAL_Driver/Src/stm32f4xx_hal_tim.o
                0x000000000800c560                HAL_TIM_PWM_ConfigChannel
 .text.HAL_TIM_OC_DelayElapsedCallback
                0x000000000800c6e4       0x14 ./Drivers/STM32F4xx_HAL_Driver/Src/stm32f4xx_hal_tim.o
                0x000000000800c6e4                HAL_TIM_OC_DelayElapsedCallback
 .text.HAL_TIM_IC_CaptureCallback
                0x000000000800c6f8       0x14 ./Drivers/STM32F4xx_HAL_Driver/Src/stm32f4xx_hal_tim.o
                0x000000000800c6f8                HAL_TIM_IC_CaptureCallback
 .text.HAL_TIM_TriggerCallback
                0x000000000800c70c       0x14 ./Drivers/STM32F4xx_HAL_Driver/Src/stm32f4xx_hal_tim.o
                0x000000000800c70c                HAL_TIM_TriggerCallback
 .text.TIM_Base_SetConfig
                0x000000000800c720      0x140 ./Drivers/STM32F4xx_HAL_Driver/Src/stm32f4xx_hal_tim.o
                0x000000000800c720                TIM_Base_SetConfig
 .text.TIM_OC1_SetConfig
                0x000000000800c860       0xe0 ./Drivers/STM32F4xx_HAL_Driver/Src/stm32f4xx_hal_tim.o
 .text.TIM_OC2_SetConfig
                0x000000000800c940       0xec ./Drivers/STM32F4xx_HAL_Driver/Src/stm32f4xx_hal_tim.o
                0x000000000800c940                TIM_OC2_SetConfig
 .text.TIM_OC3_SetConfig
                0x000000000800ca2c       0xe8 ./Drivers/STM32F4xx_HAL_Driver/Src/stm32f4xx_hal_tim.o
 .text.TIM_OC4_SetConfig
                0x000000000800cb14       0xac ./Drivers/STM32F4xx_HAL_Driver/Src/stm32f4xx_hal_tim.o
 .text.TIM_CCxChannelCmd
                0x000000000800cbc0       0x4a ./Drivers/STM32F4xx_HAL_Driver/Src/stm32f4xx_hal_tim.o
                0x000000000800cbc0                TIM_CCxChannelCmd
 *fill*         0x000000000800cc0a        0x2 
 .text.HAL_TIMEx_MasterConfigSynchronization
                0x000000000800cc0c       0xf8 ./Drivers/STM32F4xx_HAL_Driver/Src/stm32f4xx_hal_tim_ex.o
                0x000000000800cc0c                HAL_TIMEx_MasterConfigSynchronization
 .text.HAL_TIMEx_CommutCallback
                0x000000000800cd04       0x14 ./Drivers/STM32F4xx_HAL_Driver/Src/stm32f4xx_hal_tim_ex.o
                0x000000000800cd04                HAL_TIMEx_CommutCallback
 .text.HAL_TIMEx_BreakCallback
                0x000000000800cd18       0x14 ./Drivers/STM32F4xx_HAL_Driver/Src/stm32f4xx_hal_tim_ex.o
                0x000000000800cd18                HAL_TIMEx_BreakCallback
 .text.HAL_UART_Init
                0x000000000800cd2c       0x9a ./Drivers/STM32F4xx_HAL_Driver/Src/stm32f4xx_hal_uart.o
                0x000000000800cd2c                HAL_UART_Init
 .text.HAL_UART_Receive
                0x000000000800cdc6      0x144 ./Drivers/STM32F4xx_HAL_Driver/Src/stm32f4xx_hal_uart.o
                0x000000000800cdc6                HAL_UART_Receive
 *fill*         0x000000000800cf0a        0x2 
 .text.HAL_UART_Transmit_DMA
                0x000000000800cf0c       0xfc ./Drivers/STM32F4xx_HAL_Driver/Src/stm32f4xx_hal_uart.o
                0x000000000800cf0c                HAL_UART_Transmit_DMA
 .text.HAL_UART_Receive_DMA
                0x000000000800d008       0x60 ./Drivers/STM32F4xx_HAL_Driver/Src/stm32f4xx_hal_uart.o
                0x000000000800d008                HAL_UART_Receive_DMA
 .text.HAL_UART_AbortReceive
                0x000000000800d068      0x146 ./Drivers/STM32F4xx_HAL_Driver/Src/stm32f4xx_hal_uart.o
                0x000000000800d068                HAL_UART_AbortReceive
 *fill*         0x000000000800d1ae        0x2 
 .text.HAL_UART_IRQHandler
                0x000000000800d1b0      0x51c ./Drivers/STM32F4xx_HAL_Driver/Src/stm32f4xx_hal_uart.o
                0x000000000800d1b0                HAL_UART_IRQHandler
 .text.HAL_UART_TxCpltCallback
                0x000000000800d6cc       0x14 ./Drivers/STM32F4xx_HAL_Driver/Src/stm32f4xx_hal_uart.o
                0x000000000800d6cc                HAL_UART_TxCpltCallback
 .text.HAL_UART_TxHalfCpltCallback
                0x000000000800d6e0       0x14 ./Drivers/STM32F4xx_HAL_Driver/Src/stm32f4xx_hal_uart.o
                0x000000000800d6e0                HAL_UART_TxHalfCpltCallback
 .text.HAL_UART_RxHalfCpltCallback
                0x000000000800d6f4       0x14 ./Drivers/STM32F4xx_HAL_Driver/Src/stm32f4xx_hal_uart.o
                0x000000000800d6f4                HAL_UART_RxHalfCpltCallback
 .text.HAL_UART_ErrorCallback
                0x000000000800d708       0x14 ./Drivers/STM32F4xx_HAL_Driver/Src/stm32f4xx_hal_uart.o
                0x000000000800d708                HAL_UART_ErrorCallback
 .text.HAL_UARTEx_RxEventCallback
                0x000000000800d71c       0x18 ./Drivers/STM32F4xx_HAL_Driver/Src/stm32f4xx_hal_uart.o
                0x000000000800d71c                HAL_UARTEx_RxEventCallback
 .text.UART_DMATransmitCplt
                0x000000000800d734       0x9a ./Drivers/STM32F4xx_HAL_Driver/Src/stm32f4xx_hal_uart.o
 .text.UART_DMATxHalfCplt
                0x000000000800d7ce       0x1c ./Drivers/STM32F4xx_HAL_Driver/Src/stm32f4xx_hal_uart.o
 .text.UART_DMAReceiveCplt
                0x000000000800d7ea      0x126 ./Drivers/STM32F4xx_HAL_Driver/Src/stm32f4xx_hal_uart.o
 .text.UART_DMARxHalfCplt
                0x000000000800d910       0x36 ./Drivers/STM32F4xx_HAL_Driver/Src/stm32f4xx_hal_uart.o
 .text.UART_DMAError
                0x000000000800d946       0x94 ./Drivers/STM32F4xx_HAL_Driver/Src/stm32f4xx_hal_uart.o
 .text.UART_WaitOnFlagUntilTimeout
                0x000000000800d9da       0xdc ./Drivers/STM32F4xx_HAL_Driver/Src/stm32f4xx_hal_uart.o
 *fill*         0x000000000800dab6        0x2 
 .text.UART_Start_Receive_DMA
                0x000000000800dab8      0x134 ./Drivers/STM32F4xx_HAL_Driver/Src/stm32f4xx_hal_uart.o
                0x000000000800dab8                UART_Start_Receive_DMA
 .text.UART_EndTxTransfer
                0x000000000800dbec       0x50 ./Drivers/STM32F4xx_HAL_Driver/Src/stm32f4xx_hal_uart.o
 .text.UART_EndRxTransfer
                0x000000000800dc3c       0xc6 ./Drivers/STM32F4xx_HAL_Driver/Src/stm32f4xx_hal_uart.o
 .text.UART_DMAAbortOnError
                0x000000000800dd02       0x28 ./Drivers/STM32F4xx_HAL_Driver/Src/stm32f4xx_hal_uart.o
 .text.UART_Transmit_IT
                0x000000000800dd2a       0xa0 ./Drivers/STM32F4xx_HAL_Driver/Src/stm32f4xx_hal_uart.o
 .text.UART_EndTransmit_IT
                0x000000000800ddca       0x30 ./Drivers/STM32F4xx_HAL_Driver/Src/stm32f4xx_hal_uart.o
 .text.UART_Receive_IT
                0x000000000800ddfa      0x176 ./Drivers/STM32F4xx_HAL_Driver/Src/stm32f4xx_hal_uart.o
 .text.UART_SetConfig
                0x000000000800df70      0x390 ./Drivers/STM32F4xx_HAL_Driver/Src/stm32f4xx_hal_uart.o
 .text.__errno  0x000000000800e300        0xc c:/st/stm32cubeide_1.6.1/stm32cubeide/plugins/com.st.stm32cube.ide.mcu.externaltools.gnu-tools-for-stm32.9-2020-q2-update.win32_2.0.0.202105311346/tools/bin/../lib/gcc/arm-none-eabi/9.3.1/../../../../arm-none-eabi/lib/thumb/v7e-m+fp/hard\libc_nano.a(lib_a-errno.o)
                0x000000000800e300                __errno
 .text.__libc_init_array
                0x000000000800e30c       0x48 c:/st/stm32cubeide_1.6.1/stm32cubeide/plugins/com.st.stm32cube.ide.mcu.externaltools.gnu-tools-for-stm32.9-2020-q2-update.win32_2.0.0.202105311346/tools/bin/../lib/gcc/arm-none-eabi/9.3.1/../../../../arm-none-eabi/lib/thumb/v7e-m+fp/hard\libc_nano.a(lib_a-init.o)
                0x000000000800e30c                __libc_init_array
 .text.memset   0x000000000800e354       0x10 c:/st/stm32cubeide_1.6.1/stm32cubeide/plugins/com.st.stm32cube.ide.mcu.externaltools.gnu-tools-for-stm32.9-2020-q2-update.win32_2.0.0.202105311346/tools/bin/../lib/gcc/arm-none-eabi/9.3.1/../../../../arm-none-eabi/lib/thumb/v7e-m+fp/hard\libc_nano.a(lib_a-memset.o)
                0x000000000800e354                memset
 *fill*         0x000000000800e364        0x4 
 .text.atan     0x000000000800e368      0x340 c:/st/stm32cubeide_1.6.1/stm32cubeide/plugins/com.st.stm32cube.ide.mcu.externaltools.gnu-tools-for-stm32.9-2020-q2-update.win32_2.0.0.202105311346/tools/bin/../lib/gcc/arm-none-eabi/9.3.1/../../../../arm-none-eabi/lib/thumb/v7e-m+fp/hard\libm.a(lib_a-s_atan.o)
                0x000000000800e368                atan
 .text.cos      0x000000000800e6a8       0xa0 c:/st/stm32cubeide_1.6.1/stm32cubeide/plugins/com.st.stm32cube.ide.mcu.externaltools.gnu-tools-for-stm32.9-2020-q2-update.win32_2.0.0.202105311346/tools/bin/../lib/gcc/arm-none-eabi/9.3.1/../../../../arm-none-eabi/lib/thumb/v7e-m+fp/hard\libm.a(lib_a-s_cos.o)
                0x000000000800e6a8                cos
 .text.fabs     0x000000000800e748       0x12 c:/st/stm32cubeide_1.6.1/stm32cubeide/plugins/com.st.stm32cube.ide.mcu.externaltools.gnu-tools-for-stm32.9-2020-q2-update.win32_2.0.0.202105311346/tools/bin/../lib/gcc/arm-none-eabi/9.3.1/../../../../arm-none-eabi/lib/thumb/v7e-m+fp/hard\libm.a(lib_a-s_fabs.o)
                0x000000000800e748                fabs
 *fill*         0x000000000800e75a        0x6 
 .text.sin      0x000000000800e760       0xa8 c:/st/stm32cubeide_1.6.1/stm32cubeide/plugins/com.st.stm32cube.ide.mcu.externaltools.gnu-tools-for-stm32.9-2020-q2-update.win32_2.0.0.202105311346/tools/bin/../lib/gcc/arm-none-eabi/9.3.1/../../../../arm-none-eabi/lib/thumb/v7e-m+fp/hard\libm.a(lib_a-s_sin.o)
                0x000000000800e760                sin
 .text.tan      0x000000000800e808       0x60 c:/st/stm32cubeide_1.6.1/stm32cubeide/plugins/com.st.stm32cube.ide.mcu.externaltools.gnu-tools-for-stm32.9-2020-q2-update.win32_2.0.0.202105311346/tools/bin/../lib/gcc/arm-none-eabi/9.3.1/../../../../arm-none-eabi/lib/thumb/v7e-m+fp/hard\libm.a(lib_a-s_tan.o)
                0x000000000800e808                tan
 .text.acos     0x000000000800e868       0x74 c:/st/stm32cubeide_1.6.1/stm32cubeide/plugins/com.st.stm32cube.ide.mcu.externaltools.gnu-tools-for-stm32.9-2020-q2-update.win32_2.0.0.202105311346/tools/bin/../lib/gcc/arm-none-eabi/9.3.1/../../../../arm-none-eabi/lib/thumb/v7e-m+fp/hard\libm.a(lib_a-w_acos.o)
                0x000000000800e868                acos
 .text.asin     0x000000000800e8dc       0x74 c:/st/stm32cubeide_1.6.1/stm32cubeide/plugins/com.st.stm32cube.ide.mcu.externaltools.gnu-tools-for-stm32.9-2020-q2-update.win32_2.0.0.202105311346/tools/bin/../lib/gcc/arm-none-eabi/9.3.1/../../../../arm-none-eabi/lib/thumb/v7e-m+fp/hard\libm.a(lib_a-w_asin.o)
                0x000000000800e8dc                asin
 .text.atan2    0x000000000800e950        0x4 c:/st/stm32cubeide_1.6.1/stm32cubeide/plugins/com.st.stm32cube.ide.mcu.externaltools.gnu-tools-for-stm32.9-2020-q2-update.win32_2.0.0.202105311346/tools/bin/../lib/gcc/arm-none-eabi/9.3.1/../../../../arm-none-eabi/lib/thumb/v7e-m+fp/hard\libm.a(lib_a-w_atan2.o)
                0x000000000800e950                atan2
 .text.fmod     0x000000000800e954       0x78 c:/st/stm32cubeide_1.6.1/stm32cubeide/plugins/com.st.stm32cube.ide.mcu.externaltools.gnu-tools-for-stm32.9-2020-q2-update.win32_2.0.0.202105311346/tools/bin/../lib/gcc/arm-none-eabi/9.3.1/../../../../arm-none-eabi/lib/thumb/v7e-m+fp/hard\libm.a(lib_a-w_fmod.o)
                0x000000000800e954                fmod
 .text.pow      0x000000000800e9cc      0x15c c:/st/stm32cubeide_1.6.1/stm32cubeide/plugins/com.st.stm32cube.ide.mcu.externaltools.gnu-tools-for-stm32.9-2020-q2-update.win32_2.0.0.202105311346/tools/bin/../lib/gcc/arm-none-eabi/9.3.1/../../../../arm-none-eabi/lib/thumb/v7e-m+fp/hard\libm.a(lib_a-w_pow.o)
                0x000000000800e9cc                pow
 .text.sqrt     0x000000000800eb28       0x68 c:/st/stm32cubeide_1.6.1/stm32cubeide/plugins/com.st.stm32cube.ide.mcu.externaltools.gnu-tools-for-stm32.9-2020-q2-update.win32_2.0.0.202105311346/tools/bin/../lib/gcc/arm-none-eabi/9.3.1/../../../../arm-none-eabi/lib/thumb/v7e-m+fp/hard\libm.a(lib_a-w_sqrt.o)
                0x000000000800eb28                sqrt
 .text.__ieee754_acos
                0x000000000800eb90      0x4c0 c:/st/stm32cubeide_1.6.1/stm32cubeide/plugins/com.st.stm32cube.ide.mcu.externaltools.gnu-tools-for-stm32.9-2020-q2-update.win32_2.0.0.202105311346/tools/bin/../lib/gcc/arm-none-eabi/9.3.1/../../../../arm-none-eabi/lib/thumb/v7e-m+fp/hard\libm.a(lib_a-e_acos.o)
                0x000000000800eb90                __ieee754_acos
 .text.__ieee754_asin
                0x000000000800f050      0x428 c:/st/stm32cubeide_1.6.1/stm32cubeide/plugins/com.st.stm32cube.ide.mcu.externaltools.gnu-tools-for-stm32.9-2020-q2-update.win32_2.0.0.202105311346/tools/bin/../lib/gcc/arm-none-eabi/9.3.1/../../../../arm-none-eabi/lib/thumb/v7e-m+fp/hard\libm.a(lib_a-e_asin.o)
                0x000000000800f050                __ieee754_asin
 .text.__ieee754_atan2
                0x000000000800f478      0x194 c:/st/stm32cubeide_1.6.1/stm32cubeide/plugins/com.st.stm32cube.ide.mcu.externaltools.gnu-tools-for-stm32.9-2020-q2-update.win32_2.0.0.202105311346/tools/bin/../lib/gcc/arm-none-eabi/9.3.1/../../../../arm-none-eabi/lib/thumb/v7e-m+fp/hard\libm.a(lib_a-e_atan2.o)
                0x000000000800f478                __ieee754_atan2
 .text.__ieee754_fmod
                0x000000000800f60c      0x224 c:/st/stm32cubeide_1.6.1/stm32cubeide/plugins/com.st.stm32cube.ide.mcu.externaltools.gnu-tools-for-stm32.9-2020-q2-update.win32_2.0.0.202105311346/tools/bin/../lib/gcc/arm-none-eabi/9.3.1/../../../../arm-none-eabi/lib/thumb/v7e-m+fp/hard\libm.a(lib_a-e_fmod.o)
                0x000000000800f60c                __ieee754_fmod
 .text.__ieee754_pow
                0x000000000800f830      0xa44 c:/st/stm32cubeide_1.6.1/stm32cubeide/plugins/com.st.stm32cube.ide.mcu.externaltools.gnu-tools-for-stm32.9-2020-q2-update.win32_2.0.0.202105311346/tools/bin/../lib/gcc/arm-none-eabi/9.3.1/../../../../arm-none-eabi/lib/thumb/v7e-m+fp/hard\libm.a(lib_a-e_pow.o)
                0x000000000800f830                __ieee754_pow
 *fill*         0x0000000008010274        0x4 
 .text.__ieee754_rem_pio2
                0x0000000008010278      0x414 c:/st/stm32cubeide_1.6.1/stm32cubeide/plugins/com.st.stm32cube.ide.mcu.externaltools.gnu-tools-for-stm32.9-2020-q2-update.win32_2.0.0.202105311346/tools/bin/../lib/gcc/arm-none-eabi/9.3.1/../../../../arm-none-eabi/lib/thumb/v7e-m+fp/hard\libm.a(lib_a-e_rem_pio2.o)
                0x0000000008010278                __ieee754_rem_pio2
 .text.__ieee754_sqrt
                0x000000000801068c      0x168 c:/st/stm32cubeide_1.6.1/stm32cubeide/plugins/com.st.stm32cube.ide.mcu.externaltools.gnu-tools-for-stm32.9-2020-q2-update.win32_2.0.0.202105311346/tools/bin/../lib/gcc/arm-none-eabi/9.3.1/../../../../arm-none-eabi/lib/thumb/v7e-m+fp/hard\libm.a(lib_a-e_sqrt.o)
                0x000000000801068c                __ieee754_sqrt
 *fill*         0x00000000080107f4        0x4 
 .text.__kernel_cos
                0x00000000080107f8      0x18c c:/st/stm32cubeide_1.6.1/stm32cubeide/plugins/com.st.stm32cube.ide.mcu.externaltools.gnu-tools-for-stm32.9-2020-q2-update.win32_2.0.0.202105311346/tools/bin/../lib/gcc/arm-none-eabi/9.3.1/../../../../arm-none-eabi/lib/thumb/v7e-m+fp/hard\libm.a(lib_a-k_cos.o)
                0x00000000080107f8                __kernel_cos
 *fill*         0x0000000008010984        0x4 
 .text.__kernel_rem_pio2
                0x0000000008010988      0x680 c:/st/stm32cubeide_1.6.1/stm32cubeide/plugins/com.st.stm32cube.ide.mcu.externaltools.gnu-tools-for-stm32.9-2020-q2-update.win32_2.0.0.202105311346/tools/bin/../lib/gcc/arm-none-eabi/9.3.1/../../../../arm-none-eabi/lib/thumb/v7e-m+fp/hard\libm.a(lib_a-k_rem_pio2.o)
                0x0000000008010988                __kernel_rem_pio2
 .text.__kernel_sin
                0x0000000008011008      0x17c c:/st/stm32cubeide_1.6.1/stm32cubeide/plugins/com.st.stm32cube.ide.mcu.externaltools.gnu-tools-for-stm32.9-2020-q2-update.win32_2.0.0.202105311346/tools/bin/../lib/gcc/arm-none-eabi/9.3.1/../../../../arm-none-eabi/lib/thumb/v7e-m+fp/hard\libm.a(lib_a-k_sin.o)
                0x0000000008011008                __kernel_sin
 *fill*         0x0000000008011184        0x4 
 .text.__kernel_tan
                0x0000000008011188      0x3a8 c:/st/stm32cubeide_1.6.1/stm32cubeide/plugins/com.st.stm32cube.ide.mcu.externaltools.gnu-tools-for-stm32.9-2020-q2-update.win32_2.0.0.202105311346/tools/bin/../lib/gcc/arm-none-eabi/9.3.1/../../../../arm-none-eabi/lib/thumb/v7e-m+fp/hard\libm.a(lib_a-k_tan.o)
                0x0000000008011188                __kernel_tan
 .text.finite   0x0000000008011530       0x16 c:/st/stm32cubeide_1.6.1/stm32cubeide/plugins/com.st.stm32cube.ide.mcu.externaltools.gnu-tools-for-stm32.9-2020-q2-update.win32_2.0.0.202105311346/tools/bin/../lib/gcc/arm-none-eabi/9.3.1/../../../../arm-none-eabi/lib/thumb/v7e-m+fp/hard\libm.a(lib_a-s_finite.o)
                0x0000000008011530                finite
 *fill*         0x0000000008011546        0x2 
 .text.floor    0x0000000008011548      0x100 c:/st/stm32cubeide_1.6.1/stm32cubeide/plugins/com.st.stm32cube.ide.mcu.externaltools.gnu-tools-for-stm32.9-2020-q2-update.win32_2.0.0.202105311346/tools/bin/../lib/gcc/arm-none-eabi/9.3.1/../../../../arm-none-eabi/lib/thumb/v7e-m+fp/hard\libm.a(lib_a-s_floor.o)
                0x0000000008011548                floor
 .text.nan      0x0000000008011648       0x10 c:/st/stm32cubeide_1.6.1/stm32cubeide/plugins/com.st.stm32cube.ide.mcu.externaltools.gnu-tools-for-stm32.9-2020-q2-update.win32_2.0.0.202105311346/tools/bin/../lib/gcc/arm-none-eabi/9.3.1/../../../../arm-none-eabi/lib/thumb/v7e-m+fp/hard\libm.a(lib_a-s_nan.o)
                0x0000000008011648                nan
 .text.rint     0x0000000008011658      0x114 c:/st/stm32cubeide_1.6.1/stm32cubeide/plugins/com.st.stm32cube.ide.mcu.externaltools.gnu-tools-for-stm32.9-2020-q2-update.win32_2.0.0.202105311346/tools/bin/../lib/gcc/arm-none-eabi/9.3.1/../../../../arm-none-eabi/lib/thumb/v7e-m+fp/hard\libm.a(lib_a-s_rint.o)
                0x0000000008011658                rint
 *fill*         0x000000000801176c        0x4 
 .text.scalbn   0x0000000008011770      0x10c c:/st/stm32cubeide_1.6.1/stm32cubeide/plugins/com.st.stm32cube.ide.mcu.externaltools.gnu-tools-for-stm32.9-2020-q2-update.win32_2.0.0.202105311346/tools/bin/../lib/gcc/arm-none-eabi/9.3.1/../../../../arm-none-eabi/lib/thumb/v7e-m+fp/hard\libm.a(lib_a-s_scalbn.o)
                0x0000000008011770                scalbn
 *(.glue_7)
 .glue_7        0x000000000801187c        0x0 linker stubs
 *(.glue_7t)
 .glue_7t       0x000000000801187c        0x0 linker stubs
 *(.eh_frame)
 .eh_frame      0x000000000801187c        0x0 c:/st/stm32cubeide_1.6.1/stm32cubeide/plugins/com.st.stm32cube.ide.mcu.externaltools.gnu-tools-for-stm32.9-2020-q2-update.win32_2.0.0.202105311346/tools/bin/../lib/gcc/arm-none-eabi/9.3.1/thumb/v7e-m+fp/hard/crtbegin.o
 *(.init)
 .init          0x000000000801187c        0x4 c:/st/stm32cubeide_1.6.1/stm32cubeide/plugins/com.st.stm32cube.ide.mcu.externaltools.gnu-tools-for-stm32.9-2020-q2-update.win32_2.0.0.202105311346/tools/bin/../lib/gcc/arm-none-eabi/9.3.1/thumb/v7e-m+fp/hard/crti.o
                0x000000000801187c                _init
 .init          0x0000000008011880        0x8 c:/st/stm32cubeide_1.6.1/stm32cubeide/plugins/com.st.stm32cube.ide.mcu.externaltools.gnu-tools-for-stm32.9-2020-q2-update.win32_2.0.0.202105311346/tools/bin/../lib/gcc/arm-none-eabi/9.3.1/thumb/v7e-m+fp/hard/crtn.o
 *(.fini)
 .fini          0x0000000008011888        0x4 c:/st/stm32cubeide_1.6.1/stm32cubeide/plugins/com.st.stm32cube.ide.mcu.externaltools.gnu-tools-for-stm32.9-2020-q2-update.win32_2.0.0.202105311346/tools/bin/../lib/gcc/arm-none-eabi/9.3.1/thumb/v7e-m+fp/hard/crti.o
                0x0000000008011888                _fini
 .fini          0x000000000801188c        0x8 c:/st/stm32cubeide_1.6.1/stm32cubeide/plugins/com.st.stm32cube.ide.mcu.externaltools.gnu-tools-for-stm32.9-2020-q2-update.win32_2.0.0.202105311346/tools/bin/../lib/gcc/arm-none-eabi/9.3.1/thumb/v7e-m+fp/hard/crtn.o
                0x0000000008011894                . = ALIGN (0x4)
                0x0000000008011894                _etext = .

.vfp11_veneer   0x0000000008011894        0x0
 .vfp11_veneer  0x0000000008011894        0x0 linker stubs

.v4_bx          0x0000000008011894        0x0
 .v4_bx         0x0000000008011894        0x0 linker stubs

.iplt           0x0000000008011894        0x0
 .iplt          0x0000000008011894        0x0 c:/st/stm32cubeide_1.6.1/stm32cubeide/plugins/com.st.stm32cube.ide.mcu.externaltools.gnu-tools-for-stm32.9-2020-q2-update.win32_2.0.0.202105311346/tools/bin/../lib/gcc/arm-none-eabi/9.3.1/thumb/v7e-m+fp/hard/crtbegin.o

.rodata         0x0000000008011898      0x2c0
                0x0000000008011898                . = ALIGN (0x4)
 *(.rodata)
 *(.rodata*)
 .rodata.AHBPrescTable
                0x0000000008011898       0x10 ./Core/Src/system_stm32f4xx.o
                0x0000000008011898                AHBPrescTable
 .rodata.APBPrescTable
                0x00000000080118a8        0x8 ./Core/Src/system_stm32f4xx.o
                0x00000000080118a8                APBPrescTable
 .rodata.flagBitshiftOffset.9365
                0x00000000080118b0        0x8 ./Drivers/STM32F4xx_HAL_Driver/Src/stm32f4xx_hal_dma.o
 .rodata.atanhi
                0x00000000080118b8       0x20 c:/st/stm32cubeide_1.6.1/stm32cubeide/plugins/com.st.stm32cube.ide.mcu.externaltools.gnu-tools-for-stm32.9-2020-q2-update.win32_2.0.0.202105311346/tools/bin/../lib/gcc/arm-none-eabi/9.3.1/../../../../arm-none-eabi/lib/thumb/v7e-m+fp/hard\libm.a(lib_a-s_atan.o)
 .rodata.atanlo
                0x00000000080118d8       0x20 c:/st/stm32cubeide_1.6.1/stm32cubeide/plugins/com.st.stm32cube.ide.mcu.externaltools.gnu-tools-for-stm32.9-2020-q2-update.win32_2.0.0.202105311346/tools/bin/../lib/gcc/arm-none-eabi/9.3.1/../../../../arm-none-eabi/lib/thumb/v7e-m+fp/hard\libm.a(lib_a-s_atan.o)
 .rodata.acos.str1.1
                0x00000000080118f8        0x1 c:/st/stm32cubeide_1.6.1/stm32cubeide/plugins/com.st.stm32cube.ide.mcu.externaltools.gnu-tools-for-stm32.9-2020-q2-update.win32_2.0.0.202105311346/tools/bin/../lib/gcc/arm-none-eabi/9.3.1/../../../../arm-none-eabi/lib/thumb/v7e-m+fp/hard\libm.a(lib_a-w_acos.o)
 .rodata.asin.str1.1
                0x00000000080118f9        0x1 c:/st/stm32cubeide_1.6.1/stm32cubeide/plugins/com.st.stm32cube.ide.mcu.externaltools.gnu-tools-for-stm32.9-2020-q2-update.win32_2.0.0.202105311346/tools/bin/../lib/gcc/arm-none-eabi/9.3.1/../../../../arm-none-eabi/lib/thumb/v7e-m+fp/hard\libm.a(lib_a-w_asin.o)
 *fill*         0x00000000080118f9        0x7 
 .rodata.CSWTCH.8
                0x0000000008011900       0x18 c:/st/stm32cubeide_1.6.1/stm32cubeide/plugins/com.st.stm32cube.ide.mcu.externaltools.gnu-tools-for-stm32.9-2020-q2-update.win32_2.0.0.202105311346/tools/bin/../lib/gcc/arm-none-eabi/9.3.1/../../../../arm-none-eabi/lib/thumb/v7e-m+fp/hard\libm.a(lib_a-e_atan2.o)
 .rodata.CSWTCH.9
                0x0000000008011918       0x18 c:/st/stm32cubeide_1.6.1/stm32cubeide/plugins/com.st.stm32cube.ide.mcu.externaltools.gnu-tools-for-stm32.9-2020-q2-update.win32_2.0.0.202105311346/tools/bin/../lib/gcc/arm-none-eabi/9.3.1/../../../../arm-none-eabi/lib/thumb/v7e-m+fp/hard\libm.a(lib_a-e_atan2.o)
 .rodata.Zero   0x0000000008011930       0x10 c:/st/stm32cubeide_1.6.1/stm32cubeide/plugins/com.st.stm32cube.ide.mcu.externaltools.gnu-tools-for-stm32.9-2020-q2-update.win32_2.0.0.202105311346/tools/bin/../lib/gcc/arm-none-eabi/9.3.1/../../../../arm-none-eabi/lib/thumb/v7e-m+fp/hard\libm.a(lib_a-e_fmod.o)
 .rodata.__ieee754_pow.str1.1
                0x0000000008011940        0x1 c:/st/stm32cubeide_1.6.1/stm32cubeide/plugins/com.st.stm32cube.ide.mcu.externaltools.gnu-tools-for-stm32.9-2020-q2-update.win32_2.0.0.202105311346/tools/bin/../lib/gcc/arm-none-eabi/9.3.1/../../../../arm-none-eabi/lib/thumb/v7e-m+fp/hard\libm.a(lib_a-e_pow.o)
 .rodata.bp     0x0000000008011940       0x10 c:/st/stm32cubeide_1.6.1/stm32cubeide/plugins/com.st.stm32cube.ide.mcu.externaltools.gnu-tools-for-stm32.9-2020-q2-update.win32_2.0.0.202105311346/tools/bin/../lib/gcc/arm-none-eabi/9.3.1/../../../../arm-none-eabi/lib/thumb/v7e-m+fp/hard\libm.a(lib_a-e_pow.o)
 .rodata.dp_h   0x0000000008011950       0x10 c:/st/stm32cubeide_1.6.1/stm32cubeide/plugins/com.st.stm32cube.ide.mcu.externaltools.gnu-tools-for-stm32.9-2020-q2-update.win32_2.0.0.202105311346/tools/bin/../lib/gcc/arm-none-eabi/9.3.1/../../../../arm-none-eabi/lib/thumb/v7e-m+fp/hard\libm.a(lib_a-e_pow.o)
 .rodata.dp_l   0x0000000008011960       0x10 c:/st/stm32cubeide_1.6.1/stm32cubeide/plugins/com.st.stm32cube.ide.mcu.externaltools.gnu-tools-for-stm32.9-2020-q2-update.win32_2.0.0.202105311346/tools/bin/../lib/gcc/arm-none-eabi/9.3.1/../../../../arm-none-eabi/lib/thumb/v7e-m+fp/hard\libm.a(lib_a-e_pow.o)
 .rodata.npio2_hw
                0x0000000008011970       0x80 c:/st/stm32cubeide_1.6.1/stm32cubeide/plugins/com.st.stm32cube.ide.mcu.externaltools.gnu-tools-for-stm32.9-2020-q2-update.win32_2.0.0.202105311346/tools/bin/../lib/gcc/arm-none-eabi/9.3.1/../../../../arm-none-eabi/lib/thumb/v7e-m+fp/hard\libm.a(lib_a-e_rem_pio2.o)
 .rodata.two_over_pi
                0x00000000080119f0      0x108 c:/st/stm32cubeide_1.6.1/stm32cubeide/plugins/com.st.stm32cube.ide.mcu.externaltools.gnu-tools-for-stm32.9-2020-q2-update.win32_2.0.0.202105311346/tools/bin/../lib/gcc/arm-none-eabi/9.3.1/../../../../arm-none-eabi/lib/thumb/v7e-m+fp/hard\libm.a(lib_a-e_rem_pio2.o)
 .rodata.PIo2   0x0000000008011af8       0x40 c:/st/stm32cubeide_1.6.1/stm32cubeide/plugins/com.st.stm32cube.ide.mcu.externaltools.gnu-tools-for-stm32.9-2020-q2-update.win32_2.0.0.202105311346/tools/bin/../lib/gcc/arm-none-eabi/9.3.1/../../../../arm-none-eabi/lib/thumb/v7e-m+fp/hard\libm.a(lib_a-k_rem_pio2.o)
 .rodata.init_jk
                0x0000000008011b38       0x10 c:/st/stm32cubeide_1.6.1/stm32cubeide/plugins/com.st.stm32cube.ide.mcu.externaltools.gnu-tools-for-stm32.9-2020-q2-update.win32_2.0.0.202105311346/tools/bin/../lib/gcc/arm-none-eabi/9.3.1/../../../../arm-none-eabi/lib/thumb/v7e-m+fp/hard\libm.a(lib_a-k_rem_pio2.o)
 .rodata.TWO52  0x0000000008011b48       0x10 c:/st/stm32cubeide_1.6.1/stm32cubeide/plugins/com.st.stm32cube.ide.mcu.externaltools.gnu-tools-for-stm32.9-2020-q2-update.win32_2.0.0.202105311346/tools/bin/../lib/gcc/arm-none-eabi/9.3.1/../../../../arm-none-eabi/lib/thumb/v7e-m+fp/hard\libm.a(lib_a-s_rint.o)
                0x0000000008011b58                . = ALIGN (0x4)

.ARM.extab      0x0000000008011b58        0x0
                0x0000000008011b58                . = ALIGN (0x4)
 *(.ARM.extab* .gnu.linkonce.armextab.*)
                0x0000000008011b58                . = ALIGN (0x4)

.ARM            0x0000000008011b58        0x8
                0x0000000008011b58                . = ALIGN (0x4)
                0x0000000008011b58                __exidx_start = .
 *(.ARM.exidx*)
 .ARM.exidx     0x0000000008011b58        0x8 c:/st/stm32cubeide_1.6.1/stm32cubeide/plugins/com.st.stm32cube.ide.mcu.externaltools.gnu-tools-for-stm32.9-2020-q2-update.win32_2.0.0.202105311346/tools/bin/../lib/gcc/arm-none-eabi/9.3.1/thumb/v7e-m+fp/hard\libgcc.a(_udivmoddi4.o)
                0x0000000008011b60                __exidx_end = .
                0x0000000008011b60                . = ALIGN (0x4)

.rel.dyn        0x0000000008011b60        0x0
 .rel.iplt      0x0000000008011b60        0x0 c:/st/stm32cubeide_1.6.1/stm32cubeide/plugins/com.st.stm32cube.ide.mcu.externaltools.gnu-tools-for-stm32.9-2020-q2-update.win32_2.0.0.202105311346/tools/bin/../lib/gcc/arm-none-eabi/9.3.1/thumb/v7e-m+fp/hard/crtbegin.o

.preinit_array  0x0000000008011b60        0x0
                0x0000000008011b60                . = ALIGN (0x4)
                0x0000000008011b60                PROVIDE (__preinit_array_start = .)
 *(.preinit_array*)
                0x0000000008011b60                PROVIDE (__preinit_array_end = .)
                0x0000000008011b60                . = ALIGN (0x4)

.init_array     0x0000000008011b60        0x4
                0x0000000008011b60                . = ALIGN (0x4)
                0x0000000008011b60                PROVIDE (__init_array_start = .)
 *(SORT_BY_NAME(.init_array.*))
 *(.init_array*)
 .init_array    0x0000000008011b60        0x4 c:/st/stm32cubeide_1.6.1/stm32cubeide/plugins/com.st.stm32cube.ide.mcu.externaltools.gnu-tools-for-stm32.9-2020-q2-update.win32_2.0.0.202105311346/tools/bin/../lib/gcc/arm-none-eabi/9.3.1/thumb/v7e-m+fp/hard/crtbegin.o
                0x0000000008011b64                PROVIDE (__init_array_end = .)
                0x0000000008011b64                . = ALIGN (0x4)

.fini_array     0x0000000008011b64        0x4
                0x0000000008011b64                . = ALIGN (0x4)
                [!provide]                        PROVIDE (__fini_array_start = .)
 *(SORT_BY_NAME(.fini_array.*))
 *(.fini_array*)
 .fini_array    0x0000000008011b64        0x4 c:/st/stm32cubeide_1.6.1/stm32cubeide/plugins/com.st.stm32cube.ide.mcu.externaltools.gnu-tools-for-stm32.9-2020-q2-update.win32_2.0.0.202105311346/tools/bin/../lib/gcc/arm-none-eabi/9.3.1/thumb/v7e-m+fp/hard/crtbegin.o
                [!provide]                        PROVIDE (__fini_array_end = .)
                0x0000000008011b68                . = ALIGN (0x4)
                0x0000000008011b68                _sidata = LOADADDR (.data)

.data           0x0000000020000000       0x8c load address 0x0000000008011b68
                0x0000000020000000                . = ALIGN (0x4)
                0x0000000020000000                _sdata = .
 *(.data)
 *(.data*)
 .data.transfer_finish
                0x0000000020000000        0x4 ./Core/Src/main.o
                0x0000000020000000                transfer_finish
 .data.stepper_precision
                0x0000000020000004        0x4 ./Core/Src/stepper.o
 .data.stop_tolerance
                0x0000000020000008        0x4 ./Core/Src/stepper.o
 .data.angle_per_step
                0x000000002000000c        0x4 ./Core/Src/stepper.o
 .data.reduction_ratio
                0x0000000020000010        0x4 ./Core/Src/stepper.o
 .data.stepper_tracking_tolerance
                0x0000000020000014        0x4 ./Core/Src/stepper.o
                0x0000000020000014                stepper_tracking_tolerance
 .data.SystemCoreClock
                0x0000000020000018        0x4 ./Core/Src/system_stm32f4xx.o
                0x0000000020000018                SystemCoreClock
 .data.uwTickPrio
                0x000000002000001c        0x4 ./Drivers/STM32F4xx_HAL_Driver/Src/stm32f4xx_hal.o
                0x000000002000001c                uwTickPrio
 .data.uwTickFreq
                0x0000000020000020        0x1 ./Drivers/STM32F4xx_HAL_Driver/Src/stm32f4xx_hal.o
                0x0000000020000020                uwTickFreq
 *fill*         0x0000000020000021        0x3 
 .data._impure_ptr
                0x0000000020000024        0x4 c:/st/stm32cubeide_1.6.1/stm32cubeide/plugins/com.st.stm32cube.ide.mcu.externaltools.gnu-tools-for-stm32.9-2020-q2-update.win32_2.0.0.202105311346/tools/bin/../lib/gcc/arm-none-eabi/9.3.1/../../../../arm-none-eabi/lib/thumb/v7e-m+fp/hard\libc_nano.a(lib_a-impure.o)
                0x0000000020000024                _impure_ptr
 .data.impure_data
                0x0000000020000028       0x60 c:/st/stm32cubeide_1.6.1/stm32cubeide/plugins/com.st.stm32cube.ide.mcu.externaltools.gnu-tools-for-stm32.9-2020-q2-update.win32_2.0.0.202105311346/tools/bin/../lib/gcc/arm-none-eabi/9.3.1/../../../../arm-none-eabi/lib/thumb/v7e-m+fp/hard\libc_nano.a(lib_a-impure.o)
 .data.__fdlib_version
                0x0000000020000088        0x1 c:/st/stm32cubeide_1.6.1/stm32cubeide/plugins/com.st.stm32cube.ide.mcu.externaltools.gnu-tools-for-stm32.9-2020-q2-update.win32_2.0.0.202105311346/tools/bin/../lib/gcc/arm-none-eabi/9.3.1/../../../../arm-none-eabi/lib/thumb/v7e-m+fp/hard\libm.a(lib_a-s_lib_ver.o)
                0x0000000020000088                __fdlib_version
 *(.RamFunc)
 *(.RamFunc*)
                0x000000002000008c                . = ALIGN (0x4)
 *fill*         0x0000000020000089        0x3 
                0x000000002000008c                _edata = .
                0x0000000008011bf4                _siccmram = LOADADDR (.ccmram)

.igot.plt       0x000000002000008c        0x0 load address 0x0000000008011bf4
 .igot.plt      0x000000002000008c        0x0 c:/st/stm32cubeide_1.6.1/stm32cubeide/plugins/com.st.stm32cube.ide.mcu.externaltools.gnu-tools-for-stm32.9-2020-q2-update.win32_2.0.0.202105311346/tools/bin/../lib/gcc/arm-none-eabi/9.3.1/thumb/v7e-m+fp/hard/crtbegin.o

.ccmram         0x0000000010000000        0x0 load address 0x0000000008011bf4
                0x0000000010000000                . = ALIGN (0x4)
                0x0000000010000000                _sccmram = .
 *(.ccmram)
 *(.ccmram*)
                0x0000000010000000                . = ALIGN (0x4)
                0x0000000010000000                _eccmram = .
                0x0000000010000000                . = ALIGN (0x4)

.bss            0x0000000020000090      0xf04
                0x0000000020000090                _sbss = .
                0x0000000020000090                __bss_start__ = _sbss
 *(.bss)
 .bss           0x0000000020000090       0x1c c:/st/stm32cubeide_1.6.1/stm32cubeide/plugins/com.st.stm32cube.ide.mcu.externaltools.gnu-tools-for-stm32.9-2020-q2-update.win32_2.0.0.202105311346/tools/bin/../lib/gcc/arm-none-eabi/9.3.1/thumb/v7e-m+fp/hard/crtbegin.o
 *(.bss*)
 .bss.counter1  0x00000000200000ac        0x4 ./Core/Src/main.o
                0x00000000200000ac                counter1
 .bss.qaq       0x00000000200000b0        0x4 ./Core/Src/main.o
                0x00000000200000b0                qaq
 .bss.action_finished
                0x00000000200000b4        0x4 ./Core/Src/main.o
                0x00000000200000b4                action_finished
 .bss.i2c_cnt   0x00000000200000b8        0x4 ./Core/Src/main.o
                0x00000000200000b8                i2c_cnt
 *fill*         0x00000000200000bc        0x4 
 .bss.yaw_avg   0x00000000200000c0        0x8 ./Core/Src/main.o
                0x00000000200000c0                yaw_avg
 .bss.angle_integral
                0x00000000200000c8        0x8 ./Core/Src/main.o
                0x00000000200000c8                angle_integral
 .bss.a         0x00000000200000d0        0x4 ./Core/Src/stepper.o
                0x00000000200000d0                a
 *(COMMON)
 COMMON         0x00000000200000d4       0x48 ./Core/Src/adc.o
                0x00000000200000d4                hadc1
 COMMON         0x000000002000011c        0x8 ./Core/Src/crc.o
                0x000000002000011c                hcrc
 COMMON         0x0000000020000124      0x114 ./Core/Src/i2c.o
                0x0000000020000124                hdma_i2c1_tx
                0x0000000020000184                hi2c1
                0x00000000200001d8                hdma_i2c1_rx
 COMMON         0x0000000020000238      0x628 ./Core/Src/main.o
                0x0000000020000238                previous_cnt
                0x000000002000023c                initCheck
                0x0000000020000240                omni_drive
                0x0000000020000838                omega1
                0x0000000020000840                count_time
                0x0000000020000848                omega3
                0x0000000020000850                rxcpltCount
                0x0000000020000858                omega2
 COMMON         0x0000000020000860       0x58 ./Core/Src/spi.o
                0x0000000020000860                hspi1
 COMMON         0x00000000200008b8      0x170 ./Core/Src/stepper.o
                0x00000000200008b8                arm
 COMMON         0x0000000020000a28      0x360 ./Core/Src/tim.o
                0x0000000020000a28                htim4
                0x0000000020000a70                htim10
                0x0000000020000ab8                htim5
                0x0000000020000b00                htim3
                0x0000000020000b48                htim13
                0x0000000020000b90                htim11
                0x0000000020000bd8                htim6
                0x0000000020000c20                htim9
                0x0000000020000c68                htim2
                0x0000000020000cb0                htim14
                0x0000000020000cf8                htim12
                0x0000000020000d40                htim7
 COMMON         0x0000000020000d88      0x208 ./Core/Src/usart.o
                0x0000000020000d88                hdma_usart3_rx
                0x0000000020000de8                huart3
                0x0000000020000e2c                hdma_usart3_tx
                0x0000000020000e8c                hdma_usart1_tx
                0x0000000020000eec                hdma_usart1_rx
                0x0000000020000f4c                huart1
 COMMON         0x0000000020000f90        0x4 ./Drivers/STM32F4xx_HAL_Driver/Src/stm32f4xx_hal.o
                0x0000000020000f90                uwTick
                0x0000000020000f94                . = ALIGN (0x4)
                0x0000000020000f94                _ebss = .
                0x0000000020000f94                __bss_end__ = _ebss

._user_heap_stack
                0x0000000020000f94      0x604
                0x0000000020000f98                . = ALIGN (0x8)
 *fill*         0x0000000020000f94        0x4 
                [!provide]                        PROVIDE (end = .)
                0x0000000020000f98                PROVIDE (_end = .)
                0x0000000020001198                . = (. + _Min_Heap_Size)
 *fill*         0x0000000020000f98      0x200 
                0x0000000020001598                . = (. + _Min_Stack_Size)
 *fill*         0x0000000020001198      0x400 
                0x0000000020001598                . = ALIGN (0x8)

/DISCARD/
 libc.a(*)
 libm.a(*)
 libgcc.a(*)

.ARM.attributes
                0x0000000000000000       0x30
 *(.ARM.attributes)
 .ARM.attributes
                0x0000000000000000       0x1e c:/st/stm32cubeide_1.6.1/stm32cubeide/plugins/com.st.stm32cube.ide.mcu.externaltools.gnu-tools-for-stm32.9-2020-q2-update.win32_2.0.0.202105311346/tools/bin/../lib/gcc/arm-none-eabi/9.3.1/thumb/v7e-m+fp/hard/crti.o
 .ARM.attributes
                0x000000000000001e       0x34 c:/st/stm32cubeide_1.6.1/stm32cubeide/plugins/com.st.stm32cube.ide.mcu.externaltools.gnu-tools-for-stm32.9-2020-q2-update.win32_2.0.0.202105311346/tools/bin/../lib/gcc/arm-none-eabi/9.3.1/thumb/v7e-m+fp/hard/crtbegin.o
 .ARM.attributes
                0x0000000000000052       0x34 ./Core/Src/adc.o
 .ARM.attributes
                0x0000000000000086       0x34 ./Core/Src/communicate.o
 .ARM.attributes
                0x00000000000000ba       0x34 ./Core/Src/control.o
 .ARM.attributes
                0x00000000000000ee       0x34 ./Core/Src/crc.o
 .ARM.attributes
                0x0000000000000122       0x34 ./Core/Src/dma.o
 .ARM.attributes
                0x0000000000000156       0x34 ./Core/Src/end_joint.o
 .ARM.attributes
                0x000000000000018a       0x34 ./Core/Src/gpio.o
 .ARM.attributes
                0x00000000000001be       0x34 ./Core/Src/i2c.o
 .ARM.attributes
                0x00000000000001f2       0x34 ./Core/Src/main.o
 .ARM.attributes
                0x0000000000000226       0x34 ./Core/Src/mpu6050.o
 .ARM.attributes
                0x000000000000025a       0x34 ./Core/Src/robot.o
 .ARM.attributes
                0x000000000000028e       0x34 ./Core/Src/spi.o
 .ARM.attributes
                0x00000000000002c2       0x34 ./Core/Src/stepper.o
 .ARM.attributes
                0x00000000000002f6       0x34 ./Core/Src/stm32f4xx_hal_msp.o
 .ARM.attributes
                0x000000000000032a       0x34 ./Core/Src/stm32f4xx_it.o
 .ARM.attributes
                0x000000000000035e       0x34 ./Core/Src/system_stm32f4xx.o
 .ARM.attributes
                0x0000000000000392       0x34 ./Core/Src/tim.o
 .ARM.attributes
                0x00000000000003c6       0x34 ./Core/Src/usart.o
 .ARM.attributes
                0x00000000000003fa       0x21 ./Core/Startup/startup_stm32f429zitx.o
 .ARM.attributes
                0x000000000000041b       0x34 ./Drivers/STM32F4xx_HAL_Driver/Src/stm32f4xx_hal.o
 .ARM.attributes
                0x000000000000044f       0x34 ./Drivers/STM32F4xx_HAL_Driver/Src/stm32f4xx_hal_adc.o
 .ARM.attributes
                0x0000000000000483       0x34 ./Drivers/STM32F4xx_HAL_Driver/Src/stm32f4xx_hal_adc_ex.o
 .ARM.attributes
                0x00000000000004b7       0x34 ./Drivers/STM32F4xx_HAL_Driver/Src/stm32f4xx_hal_cortex.o
 .ARM.attributes
                0x00000000000004eb       0x34 ./Drivers/STM32F4xx_HAL_Driver/Src/stm32f4xx_hal_crc.o
 .ARM.attributes
                0x000000000000051f       0x34 ./Drivers/STM32F4xx_HAL_Driver/Src/stm32f4xx_hal_dma.o
 .ARM.attributes
                0x0000000000000553       0x34 ./Drivers/STM32F4xx_HAL_Driver/Src/stm32f4xx_hal_gpio.o
 .ARM.attributes
                0x0000000000000587       0x34 ./Drivers/STM32F4xx_HAL_Driver/Src/stm32f4xx_hal_i2c.o
 .ARM.attributes
                0x00000000000005bb       0x34 ./Drivers/STM32F4xx_HAL_Driver/Src/stm32f4xx_hal_i2c_ex.o
 .ARM.attributes
                0x00000000000005ef       0x34 ./Drivers/STM32F4xx_HAL_Driver/Src/stm32f4xx_hal_pwr_ex.o
 .ARM.attributes
                0x0000000000000623       0x34 ./Drivers/STM32F4xx_HAL_Driver/Src/stm32f4xx_hal_rcc.o
 .ARM.attributes
                0x0000000000000657       0x34 ./Drivers/STM32F4xx_HAL_Driver/Src/stm32f4xx_hal_spi.o
 .ARM.attributes
                0x000000000000068b       0x34 ./Drivers/STM32F4xx_HAL_Driver/Src/stm32f4xx_hal_tim.o
 .ARM.attributes
                0x00000000000006bf       0x34 ./Drivers/STM32F4xx_HAL_Driver/Src/stm32f4xx_hal_tim_ex.o
 .ARM.attributes
                0x00000000000006f3       0x34 ./Drivers/STM32F4xx_HAL_Driver/Src/stm32f4xx_hal_uart.o
 .ARM.attributes