main.c:98:6:HAL_TIM_PeriodElapsedCallback	16	static
main.c:136:6:HAL_SPI_TxRxCpltCallback	16	static
main.c:144:6:HAL_SPI_TxCpltCallback	16	static
main.c:151:6:HAL_SPI_RxCpltCallback	16	static
main.c:158:6:HAL_GPIO_EXTI_Callback	16	static
main.c:165:6:HAL_UART_RxCpltCallback	16	static
main.c:173:6:HAL_I2C_MemTxCpltCallback	16	static
main.c:179:6:HAL_I2C_MemRxCpltCallback	24	static
main.c:223:6:HAL_ADC_ConvCpltCallback	16	static
main.c:238:5:main	8	static
main.c:327:6:SystemClock_Config	88	static
main.c:381:6:Error_Handler	4	static,ignoring_inline_asm
