stepper.c:20:6:stepper_init	40	static
stepper.c:30:7:stepper_angle_accessor	16	static
stepper.c:34:6:stepper_hardware_set	24	static
stepper.c:56:6:linkage_init	32	static
stepper.c:63:6:arm_initialize	64	static
stepper.c:95:8:scara_accessor	4	static
stepper.c:99:6:stepper_set	8	static
stepper.c:111:6:stepper_move	32	static
stepper.c:164:6:stepper_angle_tracking	40	static
stepper.c:194:6:scara_init	40	static
stepper.c:238:6:update_linkage_endpose	56	static
stepper.c:258:7:inverse_kinematic	72	static
stepper.c:286:8:theta_domain_convert	24	static
stepper.c:312:6:arm_move	56	static
stepper.c:332:7:radian	16	static
stepper.c:336:7:degree	16	static
stepper.c:340:7:get_vec_length	24	static
stepper.c:344:5:inspan	32	static
stepper.c:366:6:HAL_TIM_PWM_PulseFinishedCallback	16	static
