tim.c:41:6:MX_TIM2_Init	56	static
tim.c:85:6:MX_TIM3_Init	56	static
tim.c:129:6:MX_TIM4_Init	56	static
tim.c:173:6:MX_TIM5_Init	56	static
tim.c:217:6:MX_TIM6_Init	16	static
tim.c:250:6:MX_TIM7_Init	16	static
tim.c:283:6:MX_TIM9_Init	40	static
tim.c:324:6:MX_TIM10_Init	40	static
tim.c:365:6:MX_TIM11_Init	40	static
tim.c:406:6:MX_TIM12_Init	40	static
tim.c:443:6:MX_TIM13_Init	40	static
tim.c:484:6:MX_TIM14_Init	8	static
tim.c:510:6:HAL_TIM_Encoder_MspInit	72	static
tim.c:620:6:HAL_TIM_Base_MspInit	40	static
tim.c:711:6:HAL_TIM_PWM_MspInit	24	static
tim.c:737:6:HAL_TIM_MspPostInit	56	static
tim.c:849:6:HAL_TIM_Encoder_MspDeInit	16	static
tim.c:928:6:HAL_TIM_Base_MspDeInit	16	static
tim.c:1014:6:HAL_TIM_PWM_MspDeInit	16	static
